Archive member included to satisfy reference by file (symbol)

/usr/lib/gcc/arm-none-eabi/9.2.1/../../../arm-none-eabi/lib/thumb/v7-m/nofp/libc_nano.a(lib_a-atexit.o)
                              /usr/lib/gcc/arm-none-eabi/9.2.1/../../../arm-none-eabi/lib/thumb/v7-m/nofp/crt0.o (atexit)
/usr/lib/gcc/arm-none-eabi/9.2.1/../../../arm-none-eabi/lib/thumb/v7-m/nofp/libc_nano.a(lib_a-exit.o)
                              /usr/lib/gcc/arm-none-eabi/9.2.1/../../../arm-none-eabi/lib/thumb/v7-m/nofp/crt0.o (exit)
/usr/lib/gcc/arm-none-eabi/9.2.1/../../../arm-none-eabi/lib/thumb/v7-m/nofp/libc_nano.a(lib_a-fini.o)
                              /usr/lib/gcc/arm-none-eabi/9.2.1/../../../arm-none-eabi/lib/thumb/v7-m/nofp/crt0.o (__libc_fini_array)
/usr/lib/gcc/arm-none-eabi/9.2.1/../../../arm-none-eabi/lib/thumb/v7-m/nofp/libc_nano.a(lib_a-impure.o)
                              /usr/lib/gcc/arm-none-eabi/9.2.1/../../../arm-none-eabi/lib/thumb/v7-m/nofp/libc_nano.a(lib_a-exit.o) (_global_impure_ptr)
/usr/lib/gcc/arm-none-eabi/9.2.1/../../../arm-none-eabi/lib/thumb/v7-m/nofp/libc_nano.a(lib_a-init.o)
                              /usr/lib/gcc/arm-none-eabi/9.2.1/../../../arm-none-eabi/lib/thumb/v7-m/nofp/crt0.o (__libc_init_array)
/usr/lib/gcc/arm-none-eabi/9.2.1/../../../arm-none-eabi/lib/thumb/v7-m/nofp/libc_nano.a(lib_a-memcpy.o)
                              build/M365_Dashboard.o (memcpy)
/usr/lib/gcc/arm-none-eabi/9.2.1/../../../arm-none-eabi/lib/thumb/v7-m/nofp/libc_nano.a(lib_a-memset.o)
                              /usr/lib/gcc/arm-none-eabi/9.2.1/../../../arm-none-eabi/lib/thumb/v7-m/nofp/crt0.o (memset)
/usr/lib/gcc/arm-none-eabi/9.2.1/../../../arm-none-eabi/lib/thumb/v7-m/nofp/libc_nano.a(lib_a-strlen-stub.o)
                              build/M365_Dashboard.o (strlen)
/usr/lib/gcc/arm-none-eabi/9.2.1/../../../arm-none-eabi/lib/thumb/v7-m/nofp/libc_nano.a(lib_a-__atexit.o)
                              /usr/lib/gcc/arm-none-eabi/9.2.1/../../../arm-none-eabi/lib/thumb/v7-m/nofp/libc_nano.a(lib_a-atexit.o) (__register_exitproc)
/usr/lib/gcc/arm-none-eabi/9.2.1/../../../arm-none-eabi/lib/thumb/v7-m/nofp/libc_nano.a(lib_a-__call_atexit.o)
                              /usr/lib/gcc/arm-none-eabi/9.2.1/../../../arm-none-eabi/lib/thumb/v7-m/nofp/libc_nano.a(lib_a-__atexit.o) (__call_exitprocs)
/usr/lib/gcc/arm-none-eabi/9.2.1/../../../arm-none-eabi/lib/thumb/v7-m/nofp/libnosys.a(_exit.o)
                              /usr/lib/gcc/arm-none-eabi/9.2.1/../../../arm-none-eabi/lib/thumb/v7-m/nofp/libc_nano.a(lib_a-exit.o) (_exit)
Drivers/CMSIS/libarm_cortexM3l_math.a(arm_sin_cos_q31.o)
                              build/motor.o (arm_sin_cos_q31)
Drivers/CMSIS/libarm_cortexM3l_math.a(arm_sqrt_q31.o)
                              build/motor.o (arm_sqrt_q31)
Drivers/CMSIS/libarm_cortexM3l_math.a(arm_common_tables.o)
                              Drivers/CMSIS/libarm_cortexM3l_math.a(arm_sin_cos_q31.o) (sinTable_q31)
/usr/lib/gcc/arm-none-eabi/9.2.1/thumb/v7-m/nofp/libgcc.a(_arm_mulsf3.o)
                              Drivers/CMSIS/libarm_cortexM3l_math.a(arm_sqrt_q31.o) (__aeabi_fmul)
/usr/lib/gcc/arm-none-eabi/9.2.1/thumb/v7-m/nofp/libgcc.a(_arm_addsubsf3.o)
                              Drivers/CMSIS/libarm_cortexM3l_math.a(arm_sqrt_q31.o) (__aeabi_i2f)
/usr/lib/gcc/arm-none-eabi/9.2.1/thumb/v7-m/nofp/libgcc.a(_arm_fixsfsi.o)
                              Drivers/CMSIS/libarm_cortexM3l_math.a(arm_sqrt_q31.o) (__aeabi_f2iz)

Allocating common symbols
Common symbol       size              file

msg65               0x1               build/M365_Dashboard.o
iq_filtered         0x4               build/motor.o
id_filtered         0x4               build/motor.o
q31_rotorposition_absolute
                    0x4               build/motor.o
htim4               0x48              build/motor.o
hdma_usart3_rx      0x44              build/main.o
huart3              0x40              build/main.o
hadc2               0x30              build/motor.o
MSPublic            0x54              build/main.o
MT                  0x1a0             build/M365_Dashboard.o
adcData1            0x30              build/motor.o
MS                  0x38              build/motor.o
uwTick              0x4               build/stm32f1xx_hal.o
hdma_usart3_tx      0x44              build/main.o
pFlash              0x20              build/stm32f1xx_hal_flash.o
q31_rotorposition_hall
                    0x4               build/motor.o
uq_filtered         0x4               build/motor.o
raw_inj2            0x4               build/motor.o
htim3               0x48              build/motor.o
ui16_halls_tim2tics
                    0x2               build/motor.o
switchtime          0xc               build/motor.o
hdma_usart1_tx      0x44              build/main.o
ud_filtered         0x4               build/motor.o
hadc1               0x30              build/motor.o
hdma_usart1_rx      0x44              build/main.o
[...]
Memory Configuration

Name             Origin             Length             Attributes
RAM              0x0000000020000000 0x0000000000005000 xrw
FLASH            0x0000000007fff000 0x000000000001f000 xr
*default*        0x0000000000000000 0xffffffffffffffff

Linker script and memory map

LOAD /usr/lib/gcc/arm-none-eabi/9.2.1/thumb/v7-m/nofp/crti.o
LOAD /usr/lib/gcc/arm-none-eabi/9.2.1/thumb/v7-m/nofp/crtbegin.o
LOAD /usr/lib/gcc/arm-none-eabi/9.2.1/../../../arm-none-eabi/lib/thumb/v7-m/nofp/crt0.o
LOAD build/main.o
LOAD build/motor.o
LOAD build/utils.o
LOAD build/eeprom.o
LOAD build/decr_and_flash.o
LOAD build/button_processing.o
LOAD build/M365_Dashboard.o
LOAD build/stm32f1xx_it.o
LOAD build/print.o
LOAD build/stm32f1xx_hal_msp.o
LOAD build/stm32f1xx_hal_gpio_ex.o
LOAD build/stm32f1xx_hal_adc.o
LOAD build/stm32f1xx_hal_adc_ex.o
LOAD build/stm32f1xx_hal.o
LOAD build/stm32f1xx_hal_rcc.o
LOAD build/stm32f1xx_hal_rcc_ex.o
LOAD build/stm32f1xx_hal_gpio.o
LOAD build/stm32f1xx_hal_dma.o
LOAD build/stm32f1xx_hal_cortex.o
LOAD build/stm32f1xx_hal_pwr.o
LOAD build/stm32f1xx_hal_flash.o
LOAD build/stm32f1xx_hal_flash_ex.o
LOAD build/stm32f1xx_hal_exti.o
LOAD build/stm32f1xx_hal_tim.o
LOAD build/stm32f1xx_hal_tim_ex.o
LOAD build/stm32f1xx_hal_uart.o
LOAD build/system_stm32f1xx.o
LOAD build/startup_stm32f103c8tx.o
LOAD /usr/lib/gcc/arm-none-eabi/9.2.1/../../../arm-none-eabi/lib/thumb/v7-m/nofp/libc_nano.a
LOAD /usr/lib/gcc/arm-none-eabi/9.2.1/../../../arm-none-eabi/lib/thumb/v7-m/nofp/libm.a
LOAD /usr/lib/gcc/arm-none-eabi/9.2.1/../../../arm-none-eabi/lib/thumb/v7-m/nofp/libnosys.a
LOAD Drivers/CMSIS/libarm_cortexM3l_math.a
START GROUP
LOAD /usr/lib/gcc/arm-none-eabi/9.2.1/thumb/v7-m/nofp/libgcc.a
LOAD /usr/lib/gcc/arm-none-eabi/9.2.1/../../../arm-none-eabi/lib/thumb/v7-m/nofp/libc_nano.a
END GROUP
START GROUP
LOAD /usr/lib/gcc/arm-none-eabi/9.2.1/thumb/v7-m/nofp/libgcc.a
LOAD /usr/lib/gcc/arm-none-eabi/9.2.1/../../../arm-none-eabi/lib/thumb/v7-m/nofp/libc_nano.a
END GROUP
LOAD /usr/lib/gcc/arm-none-eabi/9.2.1/thumb/v7-m/nofp/crtend.o
LOAD /usr/lib/gcc/arm-none-eabi/9.2.1/thumb/v7-m/nofp/crtn.o
                0x0000000020005000                _estack = (ORIGIN (RAM) + LENGTH (RAM))
                0x0000000000000200                _Min_Heap_Size = 0x200
                0x0000000000000400                _Min_Stack_Size = 0x400

.isr_vector     0x0000000007fff000      0x10c
                0x0000000007fff000                . = ALIGN (0x4)
 *(.isr_vector)
 .isr_vector    0x0000000007fff000      0x10c build/startup_stm32f103c8tx.o
                0x0000000007fff000                g_pfnVectors
                0x0000000007fff10c                . = ALIGN (0x4)

.text           0x0000000007fff10c     0xa728
                0x0000000007fff10c                . = ALIGN (0x4)
 *(.text)
 .text          0x0000000007fff10c       0x88 /usr/lib/gcc/arm-none-eabi/9.2.1/thumb/v7-m/nofp/crtbegin.o
 .text          0x0000000007fff194       0x48 /usr/lib/gcc/arm-none-eabi/9.2.1/../../../arm-none-eabi/lib/thumb/v7-m/nofp/libc_nano.a(lib_a-init.o)
                0x0000000007fff194                __libc_init_array
 .text          0x0000000007fff1dc       0xec /usr/lib/gcc/arm-none-eabi/9.2.1/../../../arm-none-eabi/lib/thumb/v7-m/nofp/libc_nano.a(lib_a-memcpy.o)
                0x0000000007fff1dc                memcpy
 .text          0x0000000007fff2c8       0x5c /usr/lib/gcc/arm-none-eabi/9.2.1/../../../arm-none-eabi/lib/thumb/v7-m/nofp/libc_nano.a(lib_a-strlen-stub.o)
                0x0000000007fff2c8                strlen
 .text          0x0000000007fff324      0x168 /usr/lib/gcc/arm-none-eabi/9.2.1/thumb/v7-m/nofp/libgcc.a(_arm_mulsf3.o)
                0x0000000007fff324                __mulsf3
                0x0000000007fff324                __aeabi_fmul
 .text          0x0000000007fff48c      0x21c /usr/lib/gcc/arm-none-eabi/9.2.1/thumb/v7-m/nofp/libgcc.a(_arm_addsubsf3.o)
                0x0000000007fff48c                __aeabi_frsub
                0x0000000007fff494                __subsf3
                0x0000000007fff494                __aeabi_fsub
                0x0000000007fff498                __aeabi_fadd
                0x0000000007fff498                __addsf3
                0x0000000007fff5f8                __aeabi_ui2f
                0x0000000007fff5f8                __floatunsisf
                0x0000000007fff600                __aeabi_i2f
                0x0000000007fff600                __floatsisf
                0x0000000007fff61c                __floatundisf
                0x0000000007fff61c                __aeabi_ul2f
                0x0000000007fff62c                __floatdisf
                0x0000000007fff62c                __aeabi_l2f
 .text          0x0000000007fff6a8       0x4c /usr/lib/gcc/arm-none-eabi/9.2.1/thumb/v7-m/nofp/libgcc.a(_arm_fixsfsi.o)
                0x0000000007fff6a8                __fixsfsi
                0x0000000007fff6a8                __aeabi_f2iz
 *(.text*)
 .text.UserSysTickHandler
                0x0000000007fff6f4       0x4c build/main.o
                0x0000000007fff6f4                UserSysTickHandler
 .text.DMA_Init
                0x0000000007fff740       0x5c build/main.o
 .text.SystemClock_Config
                0x0000000007fff79c       0xc0 build/main.o
                0x0000000007fff79c                SystemClock_Config
 .text.USART1_UART_Init
                0x0000000007fff85c       0x54 build/main.o
 .text.USART3_UART_Init
                0x0000000007fff8b0       0x5c build/main.o
 .text.GPIO_Init
                0x0000000007fff90c      0x140 build/main.o
 .text.HAL_UART_TxCpltCallback
                0x0000000007fffa4c       0x24 build/main.o
                0x0000000007fffa4c                HAL_UART_TxCpltCallback
 .text.HAL_UART_ErrorCallback
                0x0000000007fffa70       0x12 build/main.o
                0x0000000007fffa70                HAL_UART_ErrorCallback
 .text.Error_Handler
                0x0000000007fffa82        0xe build/main.o
                0x0000000007fffa82                Error_Handler
 .text._Error_Handler
                0x0000000007fffa90       0x10 build/main.o
                0x0000000007fffa90                _Error_Handler
 .text.main     0x0000000007fffaa0      0x1e4 build/main.o
                0x0000000007fffaa0                main
 .text.clip_q63_to_q31
                0x0000000007fffc84       0x48 build/motor.o
 .text.__QADD   0x0000000007fffccc       0x32 build/motor.o
 .text.__QSUB   0x0000000007fffcfe       0x32 build/motor.o
 .text.arm_clarke_q31
                0x0000000007fffd30       0x9c build/motor.o
 .text.arm_park_q31
                0x0000000007fffdcc      0x10a build/motor.o
 .text.arm_inv_park_q31
                0x0000000007fffed6      0x10a build/motor.o
 .text._motor_error_handler
                0x0000000007ffffe0       0x14 build/motor.o
                0x0000000007ffffe0                _motor_error_handler
 .text.HAL_ADC_ConvCpltCallback
                0x0000000007fffff4       0x1c build/motor.o
                0x0000000007fffff4                HAL_ADC_ConvCpltCallback
 .text.motor_disable_pwm
                0x0000000008000010       0x1c build/motor.o
                0x0000000008000010                motor_disable_pwm
 .text.disable_pwm
                0x000000000800002c       0x1c build/motor.o
 .text.enable_pwm
                0x0000000008000048       0x1c build/motor.o
 .text.pwm_is_enabled
                0x0000000008000064       0x24 build/motor.o
 .text.speed_PLL
                0x0000000008000088       0xc4 build/motor.o
                0x0000000008000088                speed_PLL
 .text.HAL_GPIO_EXTI_Callback
                0x000000000800014c      0x3b0 build/motor.o
                0x000000000800014c                HAL_GPIO_EXTI_Callback
 .text.get_standstill_position
                0x00000000080004fc       0xa0 build/motor.o
                0x00000000080004fc                get_standstill_position
 .text.tics_to_speed
                0x000000000800059c       0x28 build/motor.o
                0x000000000800059c                tics_to_speed
 .text.motor_autodetect
                0x00000000080005c4      0x30c build/motor.o
                0x00000000080005c4                motor_autodetect
 .text.internal_tics_to_speedx100
                0x00000000080008d0       0x28 build/motor.o
                0x00000000080008d0                internal_tics_to_speedx100
 .text.calculate_tic_limits
                0x00000000080008f8       0x50 build/motor.o
                0x00000000080008f8                calculate_tic_limits
 .text.get_battery_current
                0x0000000008000948       0x50 build/motor.o
                0x0000000008000948                get_battery_current
 .text.motor_slow_loop
                0x0000000008000998      0x600 build/motor.o
                0x0000000008000998                motor_slow_loop
 .text.DMA_Init
                0x0000000008000f98       0x3c build/motor.o
 .text.ADC1_Init
                0x0000000008000fd4      0x1b4 build/motor.o
 .text.ADC2_Init
                0x0000000008001188       0x9c build/motor.o
 .text.TIM1_Init
                0x0000000008001224      0x1ac build/motor.o
 .text.TIM2_Init
                0x00000000080013d0       0x98 build/motor.o
 .text.GPIO_Init
                0x0000000008001468       0xa4 build/motor.o
 .text.HAL_TIM_PeriodElapsedCallback
                0x000000000800150c       0xa0 build/motor.o
                0x000000000800150c                HAL_TIM_PeriodElapsedCallback
 .text.dyn_adc_state
                0x00000000080015ac       0xe4 build/motor.o
                0x00000000080015ac                dyn_adc_state
 .text.set_inj_channel
                0x0000000008001690       0xa4 build/motor.o
 .text.PI_control
                0x0000000008001734      0x1a4 build/motor.o
                0x0000000008001734                PI_control
 .text.runPIcontrol
                0x00000000080018d8      0x23c build/motor.o
                0x00000000080018d8                runPIcontrol
 .text.TIM3_Init
                0x0000000008001b14       0xa0 build/motor.o
 .text.motor_init
                0x0000000008001bb4      0x380 build/motor.o
                0x0000000008001bb4                motor_init
 .text.svpwm    0x0000000008001f34      0x13c build/motor.o
                0x0000000008001f34                svpwm
 .text.FOC_calculation
                0x0000000008002070      0x130 build/motor.o
                0x0000000008002070                FOC_calculation
 .text.HAL_ADCEx_InjectedConvCpltCallback
                0x00000000080021a0      0x310 build/motor.o
                0x00000000080021a0                HAL_ADCEx_InjectedConvCpltCallback
 .text.map      0x00000000080024b0       0x82 build/utils.o
                0x00000000080024b0                map
 *fill*         0x0000000008002532        0x2 
 .text.EE_Init  0x0000000008002534      0x3cc build/eeprom.o
                0x0000000008002534                EE_Init
 .text.EE_VerifyPageFullyErased
                0x0000000008002900       0x4c build/eeprom.o
 .text.EE_ReadVariable
                0x000000000800294c       0x94 build/eeprom.o
                0x000000000800294c                EE_ReadVariable
 .text.EE_WriteVariable
                0x00000000080029e0       0x48 build/eeprom.o
                0x00000000080029e0                EE_WriteVariable
 .text.EE_Format
                0x0000000008002a28       0xa8 build/eeprom.o
 .text.EE_FindValidPage
                0x0000000008002ad0       0x88 build/eeprom.o
 .text.EE_VerifyPageFullWriteVariable
                0x0000000008002b58       0xb8 build/eeprom.o
 .text.EE_PageTransfer
                0x0000000008002c10      0x180 build/eeprom.o
 .text.update_key
                0x0000000008002d90       0x40 build/decr_and_flash.o
                0x0000000008002d90                update_key
 .text.decrypt_ecb
                0x0000000008002dd0       0xc0 build/decr_and_flash.o
                0x0000000008002dd0                decrypt_ecb
 .text.xor      0x0000000008002e90       0x44 build/decr_and_flash.o
                0x0000000008002e90                xor
 .text.decrypt  0x0000000008002ed4       0x98 build/decr_and_flash.o
                0x0000000008002ed4                decrypt
 .text.decr_and_flash
                0x0000000008002f6c       0xa4 build/decr_and_flash.o
                0x0000000008002f6c                decr_and_flash
 .text.__NVIC_SystemReset
                0x0000000008003010       0x2c build/button_processing.o
 .text.buttonState
                0x000000000800303c       0x84 build/button_processing.o
                0x000000000800303c                buttonState
 .text.getButtonEvent
                0x00000000080030c0      0x11c build/button_processing.o
                0x00000000080030c0                getButtonEvent
 .text.checkButton
                0x00000000080031dc      0x104 build/button_processing.o
                0x00000000080031dc                checkButton
 .text.PWR_init
                0x00000000080032e0       0x20 build/button_processing.o
                0x00000000080032e0                PWR_init
 .text.power_control
                0x0000000008003300       0x5c build/button_processing.o
                0x0000000008003300                power_control
 .text.set_mode
                0x000000000800335c       0x5e build/button_processing.o
                0x000000000800335c                set_mode
 *fill*         0x00000000080033ba        0x2 
 .text.__NVIC_SystemReset
                0x00000000080033bc       0x2c build/M365_Dashboard.o
 .text.M365Dashboard_init
                0x00000000080033e8      0x194 build/M365_Dashboard.o
                0x00000000080033e8                M365Dashboard_init
 .text.search_DashboardMessage
                0x000000000800357c      0x228 build/M365_Dashboard.o
                0x000000000800357c                search_DashboardMessage
 .text.process_DashboardMessage
                0x00000000080037a4      0x628 build/M365_Dashboard.o
                0x00000000080037a4                process_DashboardMessage
 .text.addCRC   0x0000000008003dcc       0x74 build/M365_Dashboard.o
                0x0000000008003dcc                addCRC
 .text.checkCRC
                0x0000000008003e40       0x76 build/M365_Dashboard.o
                0x0000000008003e40                checkCRC
 .text.NMI_Handler
                0x0000000008003eb6        0x6 build/stm32f1xx_it.o
                0x0000000008003eb6                NMI_Handler
 .text.HardFault_Handler
                0x0000000008003ebc        0x6 build/stm32f1xx_it.o
                0x0000000008003ebc                HardFault_Handler
 .text.MemManage_Handler
                0x0000000008003ec2        0x6 build/stm32f1xx_it.o
                0x0000000008003ec2                MemManage_Handler
 .text.BusFault_Handler
                0x0000000008003ec8        0x6 build/stm32f1xx_it.o
                0x0000000008003ec8                BusFault_Handler
 .text.UsageFault_Handler
                0x0000000008003ece        0x6 build/stm32f1xx_it.o
                0x0000000008003ece                UsageFault_Handler
 .text.SVC_Handler
                0x0000000008003ed4        0xc build/stm32f1xx_it.o
                0x0000000008003ed4                SVC_Handler
 .text.DebugMon_Handler
                0x0000000008003ee0        0xc build/stm32f1xx_it.o
                0x0000000008003ee0                DebugMon_Handler
 .text.PendSV_Handler
                0x0000000008003eec        0xc build/stm32f1xx_it.o
                0x0000000008003eec                PendSV_Handler
 .text.SysTick_Handler
                0x0000000008003ef8       0x10 build/stm32f1xx_it.o
                0x0000000008003ef8                SysTick_Handler
 .text.DMA1_Channel1_IRQHandler
                0x0000000008003f08       0x14 build/stm32f1xx_it.o
                0x0000000008003f08                DMA1_Channel1_IRQHandler
 .text.DMA1_Channel2_IRQHandler
                0x0000000008003f1c       0x14 build/stm32f1xx_it.o
                0x0000000008003f1c                DMA1_Channel2_IRQHandler
 .text.DMA1_Channel3_IRQHandler
                0x0000000008003f30       0x14 build/stm32f1xx_it.o
                0x0000000008003f30                DMA1_Channel3_IRQHandler
 .text.DMA1_Channel4_IRQHandler
                0x0000000008003f44       0x14 build/stm32f1xx_it.o
                0x0000000008003f44                DMA1_Channel4_IRQHandler
 .text.DMA1_Channel5_IRQHandler
                0x0000000008003f58       0x14 build/stm32f1xx_it.o
                0x0000000008003f58                DMA1_Channel5_IRQHandler
 .text.ADC1_2_IRQHandler
                0x0000000008003f6c       0x1c build/stm32f1xx_it.o
                0x0000000008003f6c                ADC1_2_IRQHandler
 .text.TIM1_UP_IRQHandler
                0x0000000008003f88       0x14 build/stm32f1xx_it.o
                0x0000000008003f88                TIM1_UP_IRQHandler
 .text.TIM1_TRG_COM_IRQHandler
                0x0000000008003f9c       0x14 build/stm32f1xx_it.o
                0x0000000008003f9c                TIM1_TRG_COM_IRQHandler
 .text.TIM1_CC_IRQHandler
                0x0000000008003fb0       0x14 build/stm32f1xx_it.o
                0x0000000008003fb0                TIM1_CC_IRQHandler
 .text.TIM2_IRQHandler
                0x0000000008003fc4       0x14 build/stm32f1xx_it.o
                0x0000000008003fc4                TIM2_IRQHandler
 .text.TIM3_IRQHandler
                0x0000000008003fd8       0x14 build/stm32f1xx_it.o
                0x0000000008003fd8                TIM3_IRQHandler
 .text.TIM4_IRQHandler
                0x0000000008003fec       0x14 build/stm32f1xx_it.o
                0x0000000008003fec                TIM4_IRQHandler
 .text.USART1_IRQHandler
                0x0000000008004000       0x14 build/stm32f1xx_it.o
                0x0000000008004000                USART1_IRQHandler
 .text.USART3_IRQHandler
                0x0000000008004014       0x14 build/stm32f1xx_it.o
                0x0000000008004014                USART3_IRQHandler
 .text.EXTI9_5_IRQHandler
                0x0000000008004028        0xe build/stm32f1xx_it.o
                0x0000000008004028                EXTI9_5_IRQHandler
 .text.EXTI0_IRQHandler
                0x0000000008004036        0xe build/stm32f1xx_it.o
                0x0000000008004036                EXTI0_IRQHandler
 .text.EXTI4_IRQHandler
                0x0000000008004044        0xe build/stm32f1xx_it.o
                0x0000000008004044                EXTI4_IRQHandler
 *fill*         0x0000000008004052        0x2 
 .text.putc_UART3
                0x0000000008004054       0x48 build/print.o
                0x0000000008004054                putc_UART3
 .text.printf_  0x000000000800409c       0x2c build/print.o
                0x000000000800409c                printf_
 .text.sprintf_
                0x00000000080040c8       0x40 build/print.o
                0x00000000080040c8                sprintf_
 .text.putc_strg
                0x0000000008004108       0x2c build/print.o
                0x0000000008004108                putc_strg
 .text.vfprintf_
                0x0000000008004134      0x1de build/print.o
 .text.long_itoa
                0x0000000008004312      0x134 build/print.o
                0x0000000008004312                long_itoa
 *fill*         0x0000000008004446        0x2 
 .text.HAL_MspInit
                0x0000000008004448       0xcc build/stm32f1xx_hal_msp.o
                0x0000000008004448                HAL_MspInit
 .text.HAL_ADC_MspInit
                0x0000000008004514      0x178 build/stm32f1xx_hal_msp.o
                0x0000000008004514                HAL_ADC_MspInit
 .text.HAL_TIM_Base_MspInit
                0x000000000800468c      0x16c build/stm32f1xx_hal_msp.o
                0x000000000800468c                HAL_TIM_Base_MspInit
 .text.HAL_TIM_MspPostInit
                0x00000000080047f8       0x5c build/stm32f1xx_hal_msp.o
                0x00000000080047f8                HAL_TIM_MspPostInit
 .text.HAL_UART_MspInit
                0x0000000008004854      0x2d4 build/stm32f1xx_hal_msp.o
                0x0000000008004854                HAL_UART_MspInit
 .text.HAL_ADC_Init
                0x0000000008004b28      0x1b0 build/stm32f1xx_hal_adc.o
                0x0000000008004b28                HAL_ADC_Init
 .text.HAL_ADC_Stop
                0x0000000008004cd8       0x58 build/stm32f1xx_hal_adc.o
                0x0000000008004cd8                HAL_ADC_Stop
 .text.HAL_ADC_Start_IT
                0x0000000008004d30      0x16c build/stm32f1xx_hal_adc.o
                0x0000000008004d30                HAL_ADC_Start_IT
 .text.HAL_ADC_IRQHandler
                0x0000000008004e9c      0x186 build/stm32f1xx_hal_adc.o
                0x0000000008004e9c                HAL_ADC_IRQHandler
 .text.HAL_ADC_ConvHalfCpltCallback
                0x0000000008005022       0x12 build/stm32f1xx_hal_adc.o
                0x0000000008005022                HAL_ADC_ConvHalfCpltCallback
 .text.HAL_ADC_LevelOutOfWindowCallback
                0x0000000008005034       0x12 build/stm32f1xx_hal_adc.o
                0x0000000008005034                HAL_ADC_LevelOutOfWindowCallback
 .text.HAL_ADC_ErrorCallback
                0x0000000008005046       0x12 build/stm32f1xx_hal_adc.o
                0x0000000008005046                HAL_ADC_ErrorCallback
 .text.HAL_ADC_ConfigChannel
                0x0000000008005058      0x1f0 build/stm32f1xx_hal_adc.o
                0x0000000008005058                HAL_ADC_ConfigChannel
 .text.ADC_Enable
                0x0000000008005248       0xa4 build/stm32f1xx_hal_adc.o
                0x0000000008005248                ADC_Enable
 .text.ADC_ConversionStop_Disable
                0x00000000080052ec       0x74 build/stm32f1xx_hal_adc.o
                0x00000000080052ec                ADC_ConversionStop_Disable
 .text.ADC_DMAConvCplt
                0x0000000008005360       0x7c build/stm32f1xx_hal_adc.o
                0x0000000008005360                ADC_DMAConvCplt
 .text.ADC_DMAHalfConvCplt
                0x00000000080053dc       0x1c build/stm32f1xx_hal_adc.o
                0x00000000080053dc                ADC_DMAHalfConvCplt
 .text.ADC_DMAError
                0x00000000080053f8       0x34 build/stm32f1xx_hal_adc.o
                0x00000000080053f8                ADC_DMAError
 .text.HAL_ADCEx_Calibration_Start
                0x000000000800542c      0x138 build/stm32f1xx_hal_adc_ex.o
                0x000000000800542c                HAL_ADCEx_Calibration_Start
 .text.HAL_ADCEx_MultiModeStart_DMA
                0x0000000008005564      0x15c build/stm32f1xx_hal_adc_ex.o
                0x0000000008005564                HAL_ADCEx_MultiModeStart_DMA
 .text.HAL_ADCEx_InjectedGetValue
                0x00000000080056c0       0x5c build/stm32f1xx_hal_adc_ex.o
                0x00000000080056c0                HAL_ADCEx_InjectedGetValue
 .text.HAL_ADCEx_InjectedConfigChannel
                0x000000000800571c      0x334 build/stm32f1xx_hal_adc_ex.o
                0x000000000800571c                HAL_ADCEx_InjectedConfigChannel
 .text.HAL_ADCEx_MultiModeConfigChannel
                0x0000000008005a50       0x98 build/stm32f1xx_hal_adc_ex.o
                0x0000000008005a50                HAL_ADCEx_MultiModeConfigChannel
 .text.HAL_Init
                0x0000000008005ae8       0x2c build/stm32f1xx_hal.o
                0x0000000008005ae8                HAL_Init
 .text.HAL_InitTick
                0x0000000008005b14       0x60 build/stm32f1xx_hal.o
                0x0000000008005b14                HAL_InitTick
 .text.HAL_IncTick
                0x0000000008005b74       0x24 build/stm32f1xx_hal.o
                0x0000000008005b74                HAL_IncTick
 .text.HAL_GetTick
                0x0000000008005b98       0x14 build/stm32f1xx_hal.o
                0x0000000008005b98                HAL_GetTick
 .text.HAL_Delay
                0x0000000008005bac       0x48 build/stm32f1xx_hal.o
                0x0000000008005bac                HAL_Delay
 .text.HAL_RCC_OscConfig
                0x0000000008005bf4      0x500 build/stm32f1xx_hal_rcc.o
                0x0000000008005bf4                HAL_RCC_OscConfig
 .text.HAL_RCC_ClockConfig
                0x00000000080060f4      0x1d4 build/stm32f1xx_hal_rcc.o
                0x00000000080060f4                HAL_RCC_ClockConfig
 .text.HAL_RCC_GetSysClockFreq
                0x00000000080062c8       0xc0 build/stm32f1xx_hal_rcc.o
                0x00000000080062c8                HAL_RCC_GetSysClockFreq
 .text.HAL_RCC_GetHCLKFreq
                0x0000000008006388       0x14 build/stm32f1xx_hal_rcc.o
                0x0000000008006388                HAL_RCC_GetHCLKFreq
 .text.HAL_RCC_GetPCLK1Freq
                0x000000000800639c       0x28 build/stm32f1xx_hal_rcc.o
                0x000000000800639c                HAL_RCC_GetPCLK1Freq
 .text.HAL_RCC_GetPCLK2Freq
                0x00000000080063c4       0x28 build/stm32f1xx_hal_rcc.o
                0x00000000080063c4                HAL_RCC_GetPCLK2Freq
 .text.RCC_Delay
                0x00000000080063ec       0x3c build/stm32f1xx_hal_rcc.o
 .text.HAL_RCCEx_PeriphCLKConfig
                0x0000000008006428      0x16c build/stm32f1xx_hal_rcc_ex.o
                0x0000000008006428                HAL_RCCEx_PeriphCLKConfig
 .text.HAL_RCCEx_GetPeriphCLKFreq
                0x0000000008006594      0x188 build/stm32f1xx_hal_rcc_ex.o
                0x0000000008006594                HAL_RCCEx_GetPeriphCLKFreq
 .text.HAL_GPIO_Init
                0x000000000800671c      0x308 build/stm32f1xx_hal_gpio.o
                0x000000000800671c                HAL_GPIO_Init
 .text.HAL_GPIO_ReadPin
                0x0000000008006a24       0x2e build/stm32f1xx_hal_gpio.o
                0x0000000008006a24                HAL_GPIO_ReadPin
 .text.HAL_GPIO_WritePin
                0x0000000008006a52       0x30 build/stm32f1xx_hal_gpio.o
                0x0000000008006a52                HAL_GPIO_WritePin
 .text.HAL_GPIO_TogglePin
                0x0000000008006a82       0x32 build/stm32f1xx_hal_gpio.o
                0x0000000008006a82                HAL_GPIO_TogglePin
 .text.HAL_GPIO_EXTI_IRQHandler
                0x0000000008006ab4       0x30 build/stm32f1xx_hal_gpio.o
                0x0000000008006ab4                HAL_GPIO_EXTI_IRQHandler
 .text.HAL_DMA_Init
                0x0000000008006ae4       0xb4 build/stm32f1xx_hal_dma.o
                0x0000000008006ae4                HAL_DMA_Init
 .text.HAL_DMA_Start_IT
                0x0000000008006b98       0xbe build/stm32f1xx_hal_dma.o
                0x0000000008006b98                HAL_DMA_Start_IT
 *fill*         0x0000000008006c56        0x2 
 .text.HAL_DMA_Abort_IT
                0x0000000008006c58       0xec build/stm32f1xx_hal_dma.o
                0x0000000008006c58                HAL_DMA_Abort_IT
 .text.HAL_DMA_IRQHandler
                0x0000000008006d44      0x20c build/stm32f1xx_hal_dma.o
                0x0000000008006d44                HAL_DMA_IRQHandler
 .text.DMA_SetConfig
                0x0000000008006f50       0x5a build/stm32f1xx_hal_dma.o
 *fill*         0x0000000008006faa        0x2 
 .text.__NVIC_SetPriorityGrouping
                0x0000000008006fac       0x48 build/stm32f1xx_hal_cortex.o
 .text.__NVIC_GetPriorityGrouping
                0x0000000008006ff4       0x1c build/stm32f1xx_hal_cortex.o
 .text.__NVIC_EnableIRQ
                0x0000000008007010       0x38 build/stm32f1xx_hal_cortex.o
 .text.__NVIC_SetPriority
                0x0000000008007048       0x54 build/stm32f1xx_hal_cortex.o
 .text.NVIC_EncodePriority
                0x000000000800709c       0x64 build/stm32f1xx_hal_cortex.o
 .text.SysTick_Config
                0x0000000008007100       0x44 build/stm32f1xx_hal_cortex.o
 .text.HAL_NVIC_SetPriorityGrouping
                0x0000000008007144       0x16 build/stm32f1xx_hal_cortex.o
                0x0000000008007144                HAL_NVIC_SetPriorityGrouping
 .text.HAL_NVIC_SetPriority
                0x000000000800715a       0x38 build/stm32f1xx_hal_cortex.o
                0x000000000800715a                HAL_NVIC_SetPriority
 .text.HAL_NVIC_EnableIRQ
                0x0000000008007192       0x1c build/stm32f1xx_hal_cortex.o
                0x0000000008007192                HAL_NVIC_EnableIRQ
 .text.HAL_SYSTICK_Config
                0x00000000080071ae       0x18 build/stm32f1xx_hal_cortex.o
                0x00000000080071ae                HAL_SYSTICK_Config
 *fill*         0x00000000080071c6        0x2 
 .text.HAL_SYSTICK_CLKSourceConfig
                0x00000000080071c8       0x38 build/stm32f1xx_hal_cortex.o
                0x00000000080071c8                HAL_SYSTICK_CLKSourceConfig
 .text.HAL_FLASH_Program
                0x0000000008007200       0xe0 build/stm32f1xx_hal_flash.o
                0x0000000008007200                HAL_FLASH_Program
 .text.HAL_FLASH_Unlock
                0x00000000080072e0       0x4c build/stm32f1xx_hal_flash.o
                0x00000000080072e0                HAL_FLASH_Unlock
 .text.HAL_FLASH_Lock
                0x000000000800732c       0x20 build/stm32f1xx_hal_flash.o
                0x000000000800732c                HAL_FLASH_Lock
 .text.FLASH_Program_HalfWord
                0x000000000800734c       0x38 build/stm32f1xx_hal_flash.o
 .text.FLASH_WaitForLastOperation
                0x0000000008007384       0x8c build/stm32f1xx_hal_flash.o
                0x0000000008007384                FLASH_WaitForLastOperation
 .text.FLASH_SetErrorCode
                0x0000000008007410       0xa0 build/stm32f1xx_hal_flash.o
 .text.HAL_FLASHEx_Erase
                0x00000000080074b0       0xd8 build/stm32f1xx_hal_flash_ex.o
                0x00000000080074b0                HAL_FLASHEx_Erase
 .text.FLASH_MassErase
                0x0000000008007588       0x38 build/stm32f1xx_hal_flash_ex.o
 .text.FLASH_PageErase
                0x00000000080075c0       0x40 build/stm32f1xx_hal_flash_ex.o
                0x00000000080075c0                FLASH_PageErase
 .text.HAL_TIM_Base_Init
                0x0000000008007600       0x9e build/stm32f1xx_hal_tim.o
                0x0000000008007600                HAL_TIM_Base_Init
 *fill*         0x000000000800769e        0x2 
 .text.HAL_TIM_Base_Start_IT
                0x00000000080076a0       0xa4 build/stm32f1xx_hal_tim.o
                0x00000000080076a0                HAL_TIM_Base_Start_IT
 .text.HAL_TIM_OC_Init
                0x0000000008007744       0x9e build/stm32f1xx_hal_tim.o
                0x0000000008007744                HAL_TIM_OC_Init
 .text.HAL_TIM_OC_MspInit
                0x00000000080077e2       0x12 build/stm32f1xx_hal_tim.o
                0x00000000080077e2                HAL_TIM_OC_MspInit
 .text.HAL_TIM_PWM_Init
                0x00000000080077f4       0x9e build/stm32f1xx_hal_tim.o
                0x00000000080077f4                HAL_TIM_PWM_Init
 .text.HAL_TIM_PWM_MspInit
                0x0000000008007892       0x12 build/stm32f1xx_hal_tim.o
                0x0000000008007892                HAL_TIM_PWM_MspInit
 .text.HAL_TIM_PWM_Start
                0x00000000080078a4      0x144 build/stm32f1xx_hal_tim.o
                0x00000000080078a4                HAL_TIM_PWM_Start
 .text.HAL_TIM_PWM_Start_IT
                0x00000000080079e8      0x1d0 build/stm32f1xx_hal_tim.o
                0x00000000080079e8                HAL_TIM_PWM_Start_IT
 .text.HAL_TIM_IRQHandler
                0x0000000008007bb8      0x210 build/stm32f1xx_hal_tim.o
                0x0000000008007bb8                HAL_TIM_IRQHandler
 .text.HAL_TIM_PWM_ConfigChannel
                0x0000000008007dc8      0x17c build/stm32f1xx_hal_tim.o
                0x0000000008007dc8                HAL_TIM_PWM_ConfigChannel
 .text.HAL_TIM_ConfigClockSource
                0x0000000008007f44      0x188 build/stm32f1xx_hal_tim.o
                0x0000000008007f44                HAL_TIM_ConfigClockSource
 .text.HAL_TIM_OC_DelayElapsedCallback
                0x00000000080080cc       0x12 build/stm32f1xx_hal_tim.o
                0x00000000080080cc                HAL_TIM_OC_DelayElapsedCallback
 .text.HAL_TIM_IC_CaptureCallback
                0x00000000080080de       0x12 build/stm32f1xx_hal_tim.o
                0x00000000080080de                HAL_TIM_IC_CaptureCallback
 .text.HAL_TIM_PWM_PulseFinishedCallback
                0x00000000080080f0       0x12 build/stm32f1xx_hal_tim.o
                0x00000000080080f0                HAL_TIM_PWM_PulseFinishedCallback
 .text.HAL_TIM_TriggerCallback
                0x0000000008008102       0x12 build/stm32f1xx_hal_tim.o
                0x0000000008008102                HAL_TIM_TriggerCallback
 .text.TIM_Base_SetConfig
                0x0000000008008114       0xc4 build/stm32f1xx_hal_tim.o
                0x0000000008008114                TIM_Base_SetConfig
 .text.TIM_OC1_SetConfig
                0x00000000080081d8       0xcc build/stm32f1xx_hal_tim.o
 .text.TIM_OC2_SetConfig
                0x00000000080082a4       0xd4 build/stm32f1xx_hal_tim.o
                0x00000000080082a4                TIM_OC2_SetConfig
 .text.TIM_OC3_SetConfig
                0x0000000008008378       0xd4 build/stm32f1xx_hal_tim.o
 .text.TIM_OC4_SetConfig
                0x000000000800844c       0x9c build/stm32f1xx_hal_tim.o
 .text.TIM_TI1_ConfigInputStage
                0x00000000080084e8       0x5c build/stm32f1xx_hal_tim.o
 .text.TIM_TI2_ConfigInputStage
                0x0000000008008544       0x5e build/stm32f1xx_hal_tim.o
 .text.TIM_ITRx_SetConfig
                0x00000000080085a2       0x34 build/stm32f1xx_hal_tim.o
 .text.TIM_ETR_SetConfig
                0x00000000080085d6       0x3e build/stm32f1xx_hal_tim.o
                0x00000000080085d6                TIM_ETR_SetConfig
 .text.TIM_CCxChannelCmd
                0x0000000008008614       0x48 build/stm32f1xx_hal_tim.o
                0x0000000008008614                TIM_CCxChannelCmd
 .text.HAL_TIMEx_PWMN_Start
                0x000000000800865c      0x13c build/stm32f1xx_hal_tim_ex.o
                0x000000000800865c                HAL_TIMEx_PWMN_Start
 .text.HAL_TIMEx_MasterConfigSynchronization
                0x0000000008008798       0xbc build/stm32f1xx_hal_tim_ex.o
                0x0000000008008798                HAL_TIMEx_MasterConfigSynchronization
 .text.HAL_TIMEx_ConfigBreakDeadTime
                0x0000000008008854       0xa2 build/stm32f1xx_hal_tim_ex.o
                0x0000000008008854                HAL_TIMEx_ConfigBreakDeadTime
 .text.HAL_TIMEx_CommutCallback
                0x00000000080088f6       0x12 build/stm32f1xx_hal_tim_ex.o
                0x00000000080088f6                HAL_TIMEx_CommutCallback
 .text.HAL_TIMEx_BreakCallback
                0x0000000008008908       0x12 build/stm32f1xx_hal_tim_ex.o
                0x0000000008008908                HAL_TIMEx_BreakCallback
 .text.TIM_CCxNChannelCmd
                0x000000000800891a       0x48 build/stm32f1xx_hal_tim_ex.o
 .text.HAL_UART_Init
                0x0000000008008962       0x9a build/stm32f1xx_hal_uart.o
                0x0000000008008962                HAL_UART_Init
 .text.HAL_HalfDuplex_Init
                0x00000000080089fc       0xaa build/stm32f1xx_hal_uart.o
                0x00000000080089fc                HAL_HalfDuplex_Init
 *fill*         0x0000000008008aa6        0x2 
 .text.HAL_UART_Transmit_DMA
                0x0000000008008aa8       0xd8 build/stm32f1xx_hal_uart.o
                0x0000000008008aa8                HAL_UART_Transmit_DMA
 .text.HAL_UART_Receive_DMA
                0x0000000008008b80      0x100 build/stm32f1xx_hal_uart.o
                0x0000000008008b80                HAL_UART_Receive_DMA
 .text.HAL_UART_IRQHandler
                0x0000000008008c80      0x200 build/stm32f1xx_hal_uart.o
                0x0000000008008c80                HAL_UART_IRQHandler
 .text.HAL_UART_TxHalfCpltCallback
                0x0000000008008e80       0x12 build/stm32f1xx_hal_uart.o
                0x0000000008008e80                HAL_UART_TxHalfCpltCallback
 .text.HAL_UART_RxCpltCallback
                0x0000000008008e92       0x12 build/stm32f1xx_hal_uart.o
                0x0000000008008e92                HAL_UART_RxCpltCallback
 .text.HAL_UART_RxHalfCpltCallback
                0x0000000008008ea4       0x12 build/stm32f1xx_hal_uart.o
                0x0000000008008ea4                HAL_UART_RxHalfCpltCallback
 .text.HAL_HalfDuplex_EnableTransmitter
                0x0000000008008eb6       0x66 build/stm32f1xx_hal_uart.o
                0x0000000008008eb6                HAL_HalfDuplex_EnableTransmitter
 .text.HAL_HalfDuplex_EnableReceiver
                0x0000000008008f1c       0x66 build/stm32f1xx_hal_uart.o
                0x0000000008008f1c                HAL_HalfDuplex_EnableReceiver
 .text.UART_DMATransmitCplt
                0x0000000008008f82       0x52 build/stm32f1xx_hal_uart.o
 .text.UART_DMATxHalfCplt
                0x0000000008008fd4       0x1c build/stm32f1xx_hal_uart.o
 .text.UART_DMAReceiveCplt
                0x0000000008008ff0       0x68 build/stm32f1xx_hal_uart.o
 .text.UART_DMARxHalfCplt
                0x0000000008009058       0x1c build/stm32f1xx_hal_uart.o
 .text.UART_DMAError
                0x0000000008009074       0x94 build/stm32f1xx_hal_uart.o
 .text.UART_EndTxTransfer
                0x0000000008009108       0x2a build/stm32f1xx_hal_uart.o
 .text.UART_EndRxTransfer
                0x0000000008009132       0x3a build/stm32f1xx_hal_uart.o
 .text.UART_DMAAbortOnError
                0x000000000800916c       0x28 build/stm32f1xx_hal_uart.o
 .text.UART_Transmit_IT
                0x0000000008009194       0x9e build/stm32f1xx_hal_uart.o
 .text.UART_EndTransmit_IT
                0x0000000008009232       0x30 build/stm32f1xx_hal_uart.o
 .text.UART_Receive_IT
                0x0000000008009262      0x100 build/stm32f1xx_hal_uart.o
 *fill*         0x0000000008009362        0x2 
 .text.UART_SetConfig
                0x0000000008009364      0x11c build/stm32f1xx_hal_uart.o
 .text.SystemInit
                0x0000000008009480        0xc build/system_stm32f1xx.o
                0x0000000008009480                SystemInit
 .text.Reset_Handler
                0x000000000800948c       0x48 build/startup_stm32f103c8tx.o
                0x000000000800948c                Reset_Handler
 .text.Default_Handler
                0x00000000080094d4        0x2 build/startup_stm32f103c8tx.o
                0x00000000080094d4                RTC_Alarm_IRQHandler
                0x00000000080094d4                EXTI2_IRQHandler
                0x00000000080094d4                PVD_IRQHandler
                0x00000000080094d4                EXTI3_IRQHandler
                0x00000000080094d4                I2C2_EV_IRQHandler
                0x00000000080094d4                SPI1_IRQHandler
                0x00000000080094d4                TAMPER_IRQHandler
                0x00000000080094d4                RTC_IRQHandler
                0x00000000080094d4                DMA1_Channel7_IRQHandler
                0x00000000080094d4                CAN1_RX1_IRQHandler
                0x00000000080094d4                I2C1_EV_IRQHandler
                0x00000000080094d4                DMA1_Channel6_IRQHandler
                0x00000000080094d4                RCC_IRQHandler
                0x00000000080094d4                Default_Handler
                0x00000000080094d4                EXTI15_10_IRQHandler
                0x00000000080094d4                SPI2_IRQHandler
                0x00000000080094d4                USB_LP_CAN1_RX0_IRQHandler
                0x00000000080094d4                USB_HP_CAN1_TX_IRQHandler
                0x00000000080094d4                WWDG_IRQHandler
                0x00000000080094d4                TIM1_BRK_IRQHandler
                0x00000000080094d4                EXTI1_IRQHandler
                0x00000000080094d4                USART2_IRQHandler
                0x00000000080094d4                I2C2_ER_IRQHandler
                0x00000000080094d4                CAN1_SCE_IRQHandler
                0x00000000080094d4                FLASH_IRQHandler
                0x00000000080094d4                I2C1_ER_IRQHandler
                0x00000000080094d4                USBWakeUp_IRQHandler
 *fill*         0x00000000080094d6        0x2 
 .text.arm_sin_cos_q31
                0x00000000080094d8      0x24c Drivers/CMSIS/libarm_cortexM3l_math.a(arm_sin_cos_q31.o)
                0x00000000080094d8                arm_sin_cos_q31
 .text.arm_sqrt_q31
                0x0000000008009724       0xf8 Drivers/CMSIS/libarm_cortexM3l_math.a(arm_sqrt_q31.o)
                0x0000000008009724                arm_sqrt_q31
 *(.glue_7)
 .glue_7        0x000000000800981c        0x0 linker stubs
 *(.glue_7t)
 .glue_7t       0x000000000800981c        0x0 linker stubs
 *(.eh_frame)
 .eh_frame      0x000000000800981c        0x0 /usr/lib/gcc/arm-none-eabi/9.2.1/thumb/v7-m/nofp/crtbegin.o
 *(.init)
 .init          0x000000000800981c        0x4 /usr/lib/gcc/arm-none-eabi/9.2.1/thumb/v7-m/nofp/crti.o
                0x000000000800981c                _init
 .init          0x0000000008009820        0x8 /usr/lib/gcc/arm-none-eabi/9.2.1/thumb/v7-m/nofp/crtn.o
 *(.fini)
 .fini          0x0000000008009828        0x4 /usr/lib/gcc/arm-none-eabi/9.2.1/thumb/v7-m/nofp/crti.o
                0x0000000008009828                _fini
 .fini          0x000000000800982c        0x8 /usr/lib/gcc/arm-none-eabi/9.2.1/thumb/v7-m/nofp/crtn.o
                0x0000000008009834                . = ALIGN (0x4)
                0x0000000008009834                _etext = .

.vfp11_veneer   0x0000000008009834        0x0
 .vfp11_veneer  0x0000000008009834        0x0 linker stubs

.v4_bx          0x0000000008009834        0x0
 .v4_bx         0x0000000008009834        0x0 linker stubs

.iplt           0x0000000008009834        0x0
 .iplt          0x0000000008009834        0x0 /usr/lib/gcc/arm-none-eabi/9.2.1/thumb/v7-m/nofp/crtbegin.o

.rodata         0x0000000008009834      0x8b4
                0x0000000008009834                . = ALIGN (0x4)
 *(.rodata)
 .rodata        0x0000000008009834       0x18 build/main.o
 .rodata        0x000000000800984c       0x11 build/motor.o
 *fill*         0x000000000800985d        0x3 
 .rodata        0x0000000008009860       0x19 build/M365_Dashboard.o
 *fill*         0x0000000008009879        0x3 
 .rodata        0x000000000800987c       0x1d build/stm32f1xx_hal_msp.o
 *fill*         0x0000000008009899        0x3 
 .rodata        0x000000000800989c       0x10 build/stm32f1xx_hal_rcc.o
 .rodata        0x00000000080098ac       0x10 build/stm32f1xx_hal_rcc_ex.o
 *(.rodata*)
 .rodata.DEBOUNCE_MILLIS.9874
                0x00000000080098bc        0x4 build/button_processing.o
 .rodata.DOUBLE_GAP_MILLIS_MAX.9880
                0x00000000080098c0        0x4 build/button_processing.o
 .rodata.SINGLE_PRESS_MILLIS_MAX.9881
                0x00000000080098c4        0x4 build/button_processing.o
 .rodata.LONG_PRESS_MILLIS_MAX.9882
                0x00000000080098c8        0x4 build/button_processing.o
 .rodata.AHBPrescTable
                0x00000000080098cc       0x10 build/system_stm32f1xx.o
                0x00000000080098cc                AHBPrescTable
 .rodata.APBPrescTable
                0x00000000080098dc        0x8 build/system_stm32f1xx.o
                0x00000000080098dc                APBPrescTable
 .rodata.sinTable_q31
                0x00000000080098e4      0x804 Drivers/CMSIS/libarm_cortexM3l_math.a(arm_common_tables.o)
                0x00000000080098e4                sinTable_q31
                0x000000000800a0e8                . = ALIGN (0x4)

.rel.dyn        0x000000000800a0e8        0x0
 .rel.iplt      0x000000000800a0e8        0x0 /usr/lib/gcc/arm-none-eabi/9.2.1/thumb/v7-m/nofp/crtbegin.o

.ARM.extab      0x000000000800a0e8        0x0
                0x000000000800a0e8                . = ALIGN (0x4)
 *(.ARM.extab* .gnu.linkonce.armextab.*)
                0x000000000800a0e8                . = ALIGN (0x4)

.ARM            0x000000000800a0e8        0x0
                0x000000000800a0e8                . = ALIGN (0x4)
                0x000000000800a0e8                __exidx_start = .
 *(.ARM.exidx*)
                0x000000000800a0e8                __exidx_end = .
                0x000000000800a0e8                . = ALIGN (0x4)

.preinit_array  0x000000000800a0e8        0x0
                0x000000000800a0e8                . = ALIGN (0x4)
                0x000000000800a0e8                PROVIDE (__preinit_array_start = .)
 *(.preinit_array*)
                0x000000000800a0e8                PROVIDE (__preinit_array_end = .)
                0x000000000800a0e8                . = ALIGN (0x4)

.init_array     0x000000000800a0e8        0x4
                0x000000000800a0e8                . = ALIGN (0x4)
                0x000000000800a0e8                PROVIDE (__init_array_start = .)
 *(SORT_BY_NAME(.init_array.*))
 *(.init_array*)
 .init_array    0x000000000800a0e8        0x4 /usr/lib/gcc/arm-none-eabi/9.2.1/thumb/v7-m/nofp/crtbegin.o
                0x000000000800a0ec                PROVIDE (__init_array_end = .)
                0x000000000800a0ec                . = ALIGN (0x4)

.fini_array     0x000000000800a0ec        0x4
                0x000000000800a0ec                . = ALIGN (0x4)
                0x000000000800a0ec                PROVIDE (__fini_array_start = .)
 *(SORT_BY_NAME(.fini_array.*))
 *(.fini_array*)
 .fini_array    0x000000000800a0ec        0x4 /usr/lib/gcc/arm-none-eabi/9.2.1/thumb/v7-m/nofp/crtbegin.o
                0x000000000800a0f0                PROVIDE (__fini_array_end = .)
                0x000000000800a0f0                . = ALIGN (0x4)
                0x000000000800a0f0                _sidata = LOADADDR (.data)

.data           0x0000000020000000      0x260 load address 0x000000000800a0f0
                0x0000000020000000                . = ALIGN (0x4)
                0x0000000020000000                _sdata = .
 *(.data)
 *(.data*)
 .data.VirtAddVarTab
                0x0000000020000000       0x10 build/motor.o
                0x0000000020000000                VirtAddVarTab
 .data.ui16_halls_tim2tics_filtered
                0x0000000020000010        0x2 build/motor.o
                0x0000000020000010                ui16_halls_tim2tics_filtered
 .data.i8_recent_rotor_direction
                0x0000000020000012        0x1 build/motor.o
                0x0000000020000012                i8_recent_rotor_direction
 *fill*         0x0000000020000013        0x1 
 .data.i16_hall_order
                0x0000000020000014        0x2 build/motor.o
                0x0000000020000014                i16_hall_order
 .data.char_dyn_adc_state_old
                0x0000000020000016        0x1 build/motor.o
                0x0000000020000016                char_dyn_adc_state_old
 *fill*         0x0000000020000017        0x1 
 .data.q31_tics_filtered
                0x0000000020000018        0x4 build/motor.o
                0x0000000020000018                q31_tics_filtered
 .data.i8_direction
                0x000000002000001c        0x1 build/motor.o
                0x000000002000001c                i8_direction
 .data.i8_reverse_flag
                0x000000002000001d        0x1 build/motor.o
                0x000000002000001d                i8_reverse_flag
 *fill*         0x000000002000001e        0x2 
 .data.ui16_halls_tim2tics_acc.10010
                0x0000000020000020        0x4 build/motor.o
 .data.dir.10077
                0x0000000020000024        0x1 build/motor.o
 *fill*         0x0000000020000025        0x3 
 .data.key      0x0000000020000028       0x10 build/decr_and_flash.o
                0x0000000020000028                key
 .data.update_startaddress
                0x0000000020000038        0x4 build/decr_and_flash.o
 .data.ui8_oldpointerposition
                0x000000002000003c        0x1 build/M365_Dashboard.o
 .data.ui8_messagestartpos
                0x000000002000003d        0x1 build/M365_Dashboard.o
 *fill*         0x000000002000003e        0x2 
 .data.flashstartaddress
                0x0000000020000040        0x4 build/M365_Dashboard.o
 .data.updateflagaddress
                0x0000000020000044        0x4 build/M365_Dashboard.o
 .data.sysinfoaddress
                0x0000000020000048        0x4 build/M365_Dashboard.o
 .data.proc_ID_address
                0x000000002000004c        0x4 build/M365_Dashboard.o
 .data.sys_info
                0x0000000020000050      0x200 build/M365_Dashboard.o
                0x0000000020000050                sys_info
 .data.olddataposition.10043
                0x0000000020000250        0x1 build/M365_Dashboard.o
 *fill*         0x0000000020000251        0x3 
 .data.uwTickPrio
                0x0000000020000254        0x4 build/stm32f1xx_hal.o
                0x0000000020000254                uwTickPrio
 .data.uwTickFreq
                0x0000000020000258        0x1 build/stm32f1xx_hal.o
                0x0000000020000258                uwTickFreq
 *fill*         0x0000000020000259        0x3 
 .data.SystemCoreClock
                0x000000002000025c        0x4 build/system_stm32f1xx.o
                0x000000002000025c                SystemCoreClock
                0x0000000020000260                . = ALIGN (0x4)
                0x0000000020000260                _edata = .

.tm_clone_table
                0x0000000020000260        0x0 load address 0x000000000800a350
 .tm_clone_table
                0x0000000020000260        0x0 /usr/lib/gcc/arm-none-eabi/9.2.1/thumb/v7-m/nofp/crtbegin.o
 .tm_clone_table
                0x0000000020000260        0x0 /usr/lib/gcc/arm-none-eabi/9.2.1/thumb/v7-m/nofp/crtend.o

.igot.plt       0x0000000020000260        0x0 load address 0x000000000800a350
 .igot.plt      0x0000000020000260        0x0 /usr/lib/gcc/arm-none-eabi/9.2.1/thumb/v7-m/nofp/crtbegin.o
                0x0000000020000260                . = ALIGN (0x4)

.bss            0x0000000020000260      0x9b8 load address 0x000000000800a350
                0x0000000020000260                _sbss = .
                0x0000000020000260                __bss_start__ = _sbss
 *(.bss)
 .bss           0x0000000020000260       0x1c /usr/lib/gcc/arm-none-eabi/9.2.1/thumb/v7-m/nofp/crtbegin.o
 *(.bss*)
 .bss.systick_cnt
                0x000000002000027c        0x4 build/main.o
                0x000000002000027c                systick_cnt
 .bss.c.9903    0x0000000020000280        0x4 build/main.o
 .bss.systick_cnt_old.9946
                0x0000000020000284        0x4 build/main.o
 .bss.q31_batt_voltage_acc.9947
                0x0000000020000288        0x4 build/main.o
 .bss.debug_cnt.9949
                0x000000002000028c        0x1 build/main.o
 *fill*         0x000000002000028d        0x1 
 .bss.i16_ph1_current
                0x000000002000028e        0x2 build/motor.o
                0x000000002000028e                i16_ph1_current
 .bss.i16_ph2_current
                0x0000000020000290        0x2 build/motor.o
                0x0000000020000290                i16_ph2_current
 .bss.ui8_hall_state
                0x0000000020000292        0x1 build/motor.o
                0x0000000020000292                ui8_hall_state
 .bss.ui8_hall_state_old
                0x0000000020000293        0x1 build/motor.o
                0x0000000020000293                ui8_hall_state_old
 .bss.ui8_hall_case
                0x0000000020000294        0x1 build/motor.o
                0x0000000020000294                ui8_hall_case
 .bss.ui8_BC_limit_flag
                0x0000000020000295        0x1 build/motor.o
                0x0000000020000295                ui8_BC_limit_flag
 .bss.ui8_6step_flag
                0x0000000020000296        0x1 build/motor.o
                0x0000000020000296                ui8_6step_flag
 *fill*         0x0000000020000297        0x1 
 .bss.q31_rotorposition_PLL
                0x0000000020000298        0x4 build/motor.o
                0x0000000020000298                q31_rotorposition_PLL
 .bss.q31_angle_per_tic
                0x000000002000029c        0x4 build/motor.o
                0x000000002000029c                q31_angle_per_tic
 .bss.q31_PLL_error
                0x00000000200002a0        0x4 build/motor.o
                0x00000000200002a0                q31_PLL_error
 .bss.Hall_13   0x00000000200002a4        0x4 build/motor.o
                0x00000000200002a4                Hall_13
 .bss.Hall_32   0x00000000200002a8        0x4 build/motor.o
                0x00000000200002a8                Hall_32
 .bss.Hall_26   0x00000000200002ac        0x4 build/motor.o
                0x00000000200002ac                Hall_26
 .bss.Hall_64   0x00000000200002b0        0x4 build/motor.o
                0x00000000200002b0                Hall_64
 .bss.Hall_51   0x00000000200002b4        0x4 build/motor.o
                0x00000000200002b4                Hall_51
 .bss.Hall_45   0x00000000200002b8        0x4 build/motor.o
                0x00000000200002b8                Hall_45
 .bss.ui8_overflow_flag
                0x00000000200002bc        0x1 build/motor.o
                0x00000000200002bc                ui8_overflow_flag
 *fill*         0x00000000200002bd        0x3 
 .bss.q31_u_d_temp
                0x00000000200002c0        0x4 build/motor.o
                0x00000000200002c0                q31_u_d_temp
 .bss.q31_u_q_temp
                0x00000000200002c4        0x4 build/motor.o
                0x00000000200002c4                q31_u_q_temp
 .bss.uint16_half_rotation_counter
                0x00000000200002c8        0x2 build/motor.o
                0x00000000200002c8                uint16_half_rotation_counter
 .bss.uint16_full_rotation_counter
                0x00000000200002ca        0x2 build/motor.o
                0x00000000200002ca                uint16_full_rotation_counter
 .bss.tics_lower_limit
                0x00000000200002cc        0x4 build/motor.o
 .bss.tics_higher_limit
                0x00000000200002d0        0x4 build/motor.o
 .bss.ui8_adc_regular_flag
                0x00000000200002d4        0x1 build/motor.o
                0x00000000200002d4                ui8_adc_regular_flag
 *fill*         0x00000000200002d5        0x1 
 .bss.ui16_ph1_offset
                0x00000000200002d6        0x2 build/motor.o
                0x00000000200002d6                ui16_ph1_offset
 .bss.ui16_ph2_offset
                0x00000000200002d8        0x2 build/motor.o
                0x00000000200002d8                ui16_ph2_offset
 .bss.ui16_ph3_offset
                0x00000000200002da        0x2 build/motor.o
                0x00000000200002da                ui16_ph3_offset
 .bss.ui16_KV_detect_counter
                0x00000000200002dc        0x2 build/motor.o
                0x00000000200002dc                ui16_KV_detect_counter
 .bss.ui32_KV   0x00000000200002de        0x2 build/motor.o
 .bss.uint32_SPEEDx100_cumulated
                0x00000000200002e0        0x4 build/motor.o
                0x00000000200002e0                uint32_SPEEDx100_cumulated
 .bss.q31_i_q_fil
                0x00000000200002e4        0x4 build/motor.o
                0x00000000200002e4                q31_i_q_fil
 .bss.q31_i_d_fil
                0x00000000200002e8        0x4 build/motor.o
                0x00000000200002e8                q31_i_d_fil
 .bss.q31_d_i.10001
                0x00000000200002ec        0x4 build/motor.o
 .bss.KVtemp.10078
                0x00000000200002f0        0x2 build/motor.o
 *fill*         0x00000000200002f2        0x2 
 .bss.iq_cum.10079
                0x00000000200002f4        0x4 build/motor.o
 .bss.id_cum.10080
                0x00000000200002f8        0x4 build/motor.o
 .bss.uq_cum.10081
                0x00000000200002fc        0x4 build/motor.o
 .bss.ud_cum.10082
                0x0000000020000300        0x4 build/motor.o
 .bss.DataVar   0x0000000020000304        0x2 build/eeprom.o
                0x0000000020000304                DataVar
 *fill*         0x0000000020000306        0x2 
 .bss.iv        0x0000000020000308        0x8 build/decr_and_flash.o
                0x0000000020000308                iv
 .bss.offset    0x0000000020000310        0x4 build/decr_and_flash.o
                0x0000000020000310                offset
 .bss.power_button_state
                0x0000000020000314        0x1 build/button_processing.o
 .bss.button_down.9886
                0x0000000020000315        0x1 build/button_processing.o
 *fill*         0x0000000020000316        0x2 
 .bss.button_down_ts.9883
                0x0000000020000318        0x4 build/button_processing.o
 .bss.button_up_ts.9884
                0x000000002000031c        0x4 build/button_processing.o
 .bss.double_pending.9885
                0x0000000020000320        0x1 build/button_processing.o
 *fill*         0x0000000020000321        0x3 
 .bss.counter.9892
                0x0000000020000324        0x4 build/button_processing.o
 .bss.ui8_rx_buffer
                0x0000000020000328       0x84 build/M365_Dashboard.o
 .bss.ui8_dashboardmessage
                0x00000000200003ac       0x84 build/M365_Dashboard.o
 .bss.enc       0x0000000020000430       0x80 build/M365_Dashboard.o
 .bss.buffer    0x00000000200004b0       0x40 build/M365_Dashboard.o
 .bss.ui8_tx_buffer
                0x00000000200004f0       0x60 build/M365_Dashboard.o
 .bss.ui8_recentpointerposition
                0x0000000020000550        0x1 build/M365_Dashboard.o
 .bss.ui8_messagelength
                0x0000000020000551        0x1 build/M365_Dashboard.o
 .bss.ui8_state
                0x0000000020000552        0x1 build/M365_Dashboard.o
 *fill*         0x0000000020000553        0x1 
 .bss.ui32_timeoutcounter
                0x0000000020000554        0x4 build/M365_Dashboard.o
 .bss.ui16_update_size
                0x0000000020000558        0x2 build/M365_Dashboard.o
 .bss.ui8_target_offset
                0x000000002000055a        0x1 build/M365_Dashboard.o
 .bss.ui8_source_offset
                0x000000002000055b        0x1 build/M365_Dashboard.o
 .bss.EraseInitStruct.10002
                0x000000002000055c       0x10 build/M365_Dashboard.o
 .bss.EraseInitStruct.10034
                0x000000002000056c       0x10 build/M365_Dashboard.o
 .bss.EraseInitStruct.10038
                0x000000002000057c       0x10 build/M365_Dashboard.o
 .bss.packetsize.10042
                0x000000002000058c        0x1 build/M365_Dashboard.o
 *(COMMON)
 *fill*         0x000000002000058d        0x3 
 COMMON         0x0000000020000590      0x204 build/main.o
                0x0000000020000590                hdma_usart3_rx
                0x00000000200005d4                huart3
                0x0000000020000614                MSPublic
                0x0000000020000668                hdma_usart3_tx
                0x00000000200006ac                hdma_usart1_tx
                0x00000000200006f0                hdma_usart1_rx
                0x0000000020000734                huart1
                0x0000000020000774                M365State
 COMMON         0x0000000020000794      0x2a8 build/motor.o
                0x0000000020000794                iq_filtered
                0x0000000020000798                id_filtered
                0x000000002000079c                q31_rotorposition_absolute
                0x00000000200007a0                htim4
                0x00000000200007e8                hadc2
                0x0000000020000818                adcData1
                0x0000000020000848                MS
                0x0000000020000880                q31_rotorposition_hall
                0x0000000020000884                uq_filtered
                0x0000000020000888                raw_inj2
                0x000000002000088c                htim3
                0x00000000200008d4                ui16_halls_tim2tics
                0x00000000200008d8                switchtime
                0x00000000200008e4                ud_filtered
                0x00000000200008e8                hadc1
                0x0000000020000918                p_MotorStatePublic
                0x000000002000091c                hdma_adc1
                0x0000000020000960                PI_iq
                0x0000000020000980                htim1
                0x00000000200009c8                raw_inj1
                0x00000000200009cc                htim2
                0x0000000020000a14                ui32_reg_adc_value_filter
                0x0000000020000a18                ui16_reg_adc_value
                0x0000000020000a1c                PI_id
 COMMON         0x0000000020000a3c      0x1b0 build/M365_Dashboard.o
                0x0000000020000a3c                msg65
                0x0000000020000a40                MT
                0x0000000020000be0                source
                0x0000000020000be4                gen_msg
                0x0000000020000be5                msg64
                0x0000000020000be8                target
 COMMON         0x0000000020000bec        0x4 build/print.o
                0x0000000020000bec                SPRINTF_buffer
 COMMON         0x0000000020000bf0        0x4 build/stm32f1xx_hal.o
                0x0000000020000bf0                uwTick
 *fill*         0x0000000020000bf4        0x4 
 COMMON         0x0000000020000bf8       0x20 build/stm32f1xx_hal_flash.o
                0x0000000020000bf8                pFlash
                0x0000000020000c18                . = ALIGN (0x4)
                0x0000000020000c18                _ebss = .
                0x0000000020000c18                __bss_end__ = _ebss

._user_heap_stack
                0x0000000020000c18      0x600 load address 0x000000000800a350
                0x0000000020000c18                . = ALIGN (0x8)
                [!provide]                        PROVIDE (end = .)
                [!provide]                        PROVIDE (_end = .)
                0x0000000020000e18                . = (. + _Min_Heap_Size)
 *fill*         0x0000000020000c18      0x200 
                0x0000000020001218                . = (. + _Min_Stack_Size)
 *fill*         0x0000000020000e18      0x400 
                0x0000000020001218                . = ALIGN (0x8)

/DISCARD/
 libc.a(*)
 libm.a(*)
 libgcc.a(*)

.ARM.attributes
                0x0000000000000000       0x29
 *(.ARM.attributes)
 .ARM.attributes
                0x0000000000000000       0x1d /usr/lib/gcc/arm-none-eabi/9.2.1/thumb/v7-m/nofp/crti.o
 .ARM.attributes
                0x000000000000001d       0x2d /usr/lib/gcc/arm-none-eabi/9.2.1/thumb/v7-m/nofp/crtbegin.o
 .ARM.attributes
                0x000000000000004a       0x2d build/main.o
 .ARM.attributes
                0x0000000000000077       0x2d build/motor.o
 .ARM.attributes
                0x00000000000000a4       0x2d build/utils.o
 .ARM.attributes
                0x00000000000000d1       0x2d build/eeprom.o
 .ARM.attributes
                0x00000000000000fe       0x2d build/decr_and_flash.o
 .ARM.attributes
                0x000000000000012b       0x2d build/button_processing.o
 .ARM.attributes
                0x0000000000000158       0x2d build/M365_Dashboard.o
 .ARM.attributes
                0x0000000000000185       0x2d build/stm32f1xx_it.o
 .ARM.attributes
                0x00000000000001b2       0x2d build/print.o
 .ARM.attributes
                0x00000000000001df       0x2d build/stm32f1xx_hal_msp.o
 .ARM.attributes
                0x000000000000020c       0x2d build/stm32f1xx_hal_adc.o
 .ARM.attributes
                0x0000000000000239       0x2d build/stm32f1xx_hal_adc_ex.o
 .ARM.attributes
                0x0000000000000266       0x2d build/stm32f1xx_hal.o
 .ARM.attributes
                0x0000000000000293       0x2d build/stm32f1xx_hal_rcc.o
 .ARM.attributes
                0x00000000000002c0       0x2d build/stm32f1xx_hal_rcc_ex.o
 .ARM.attributes
                0x00000000000002ed       0x2d build/stm32f1xx_hal_gpio.o
 .ARM.attributes
                0x000000000000031a       0x2d build/stm32f1xx_hal_dma.o
 .ARM.attributes
                0x0000000000000347       0x2d build/stm32f1xx_hal_cortex.o
 .ARM.attributes
                0x0000000000000374       0x2d build/stm32f1xx_hal_flash.o
 .ARM.attributes
                0x00000000000003a1       0x2d build/stm32f1xx_hal_flash_ex.o
 .ARM.attributes
                0x00000000000003ce       0x2d build/stm32f1xx_hal_tim.o
 .ARM.attributes
                0x00000000000003fb       0x2d build/stm32f1xx_hal_tim_ex.o
 .ARM.attributes
                0x0000000000000428       0x2d build/stm32f1xx_hal_uart.o
 .ARM.attributes
                0x0000000000000455       0x2d build/system_stm32f1xx.o
 .ARM.attributes
                0x0000000000000482       0x21 build/startup_stm32f103c8tx.o
 .ARM.attributes
                0x00000000000004a3       0x2d /usr/lib/gcc/arm-none-eabi/9.2.1/../../../arm-none-eabi/lib/thumb/v7-m/nofp/libc_nano.a(lib_a-init.o)
 .ARM.attributes
                0x00000000000004d0       0x1b /usr/lib/gcc/arm-none-eabi/9.2.1/../../../arm-none-eabi/lib/thumb/v7-m/nofp/libc_nano.a(lib_a-memcpy.o)
 .ARM.attributes
                0x00000000000004eb       0x2d /usr/lib/gcc/arm-none-eabi/9.2.1/../../../arm-none-eabi/lib/thumb/v7-m/nofp/libc_nano.a(lib_a-strlen-stub.o)
 .ARM.attributes
                0x0000000000000518       0x33 Drivers/CMSIS/libarm_cortexM3l_math.a(arm_sin_cos_q31.o)
 .ARM.attributes
                0x000000000000054b       0x33 Drivers/CMSIS/libarm_cortexM3l_math.a(arm_sqrt_q31.o)
 .ARM.attributes
                0x000000000000057e       0x33 Drivers/CMSIS/libarm_cortexM3l_math.a(arm_common_tables.o)
 .ARM.attributes
                0x00000000000005b1       0x1d /usr/lib/gcc/arm-none-eabi/9.2.1/thumb/v7-m/nofp/libgcc.a(_arm_mulsf3.o)
 .ARM.attributes
                0x00000000000005ce       0x1d /usr/lib/gcc/arm-none-eabi/9.2.1/thumb/v7-m/nofp/libgcc.a(_arm_addsubsf3.o)
 .ARM.attributes
                0x00000000000005eb       0x1d /usr/lib/gcc/arm-none-eabi/9.2.1/thumb/v7-m/nofp/libgcc.a(_arm_fixsfsi.o)
 .ARM.attributes
                0x0000000000000608       0x2d /usr/lib/gcc/arm-none-eabi/9.2.1/thumb/v7-m/nofp/crtend.o
 .ARM.attributes
                0x0000000000000635       0x1d /usr/lib/gcc/arm-none-eabi/9.2.1/thumb/v7-m/nofp/crtn.o
OUTPUT(build/firmware.elf elf32-littlearm)
LOAD linker stubs
LOAD /usr/lib/gcc/arm-none-eabi/9.2.1/../../../arm-none-eabi/lib/thumb/v7-m/nofp/libc.a
LOAD /usr/lib/gcc/arm-none-eabi/9.2.1/../../../arm-none-eabi/lib/thumb/v7-m/nofp/libm.a
LOAD /usr/lib/gcc/arm-none-eabi/9.2.1/thumb/v7-m/nofp/libgcc.a

.comment        0x0000000000000000       0xc9
 .comment       0x0000000000000000       0x59 /usr/lib/gcc/arm-none-eabi/9.2.1/thumb/v7-m/nofp/crtbegin.o
                                         0x5a (size before relaxing)
 .comment       0x0000000000000059       0x5a build/main.o
 .comment       0x0000000000000059       0x5a build/motor.o
 .comment       0x0000000000000059       0x5a build/utils.o
 .comment       0x0000000000000059       0x5a build/eeprom.o
 .comment       0x0000000000000059       0x5a build/decr_and_flash.o
 .comment       0x0000000000000059       0x5a build/button_processing.o
 .comment       0x0000000000000059       0x5a build/M365_Dashboard.o
 .comment       0x0000000000000059       0x5a build/stm32f1xx_it.o
 .comment       0x0000000000000059       0x5a build/print.o
 .comment       0x0000000000000059       0x5a build/stm32f1xx_hal_msp.o
 .comment       0x0000000000000059       0x5a build/stm32f1xx_hal_adc.o
 .comment       0x0000000000000059       0x5a build/stm32f1xx_hal_adc_ex.o
 .comment       0x0000000000000059       0x5a build/stm32f1xx_hal.o
 .comment       0x0000000000000059       0x5a build/stm32f1xx_hal_rcc.o
 .comment       0x0000000000000059       0x5a build/stm32f1xx_hal_rcc_ex.o
 .comment       0x0000000000000059       0x5a build/stm32f1xx_hal_gpio.o
 .comment       0x0000000000000059       0x5a build/stm32f1xx_hal_dma.o
 .comment       0x0000000000000059       0x5a build/stm32f1xx_hal_cortex.o
 .comment       0x0000000000000059       0x5a build/stm32f1xx_hal_flash.o
 .comment       0x0000000000000059       0x5a build/stm32f1xx_hal_flash_ex.o
 .comment       0x0000000000000059       0x5a build/stm32f1xx_hal_tim.o
 .comment       0x0000000000000059       0x5a build/stm32f1xx_hal_tim_ex.o
 .comment       0x0000000000000059       0x5a build/stm32f1xx_hal_uart.o
 .comment       0x0000000000000059       0x5a build/system_stm32f1xx.o
 .comment       0x0000000000000059       0x5a /usr/lib/gcc/arm-none-eabi/9.2.1/../../../arm-none-eabi/lib/thumb/v7-m/nofp/libc_nano.a(lib_a-init.o)
 .comment       0x0000000000000059       0x5a /usr/lib/gcc/arm-none-eabi/9.2.1/../../../arm-none-eabi/lib/thumb/v7-m/nofp/libc_nano.a(lib_a-strlen-stub.o)
 .comment       0x0000000000000059       0x70 Drivers/CMSIS/libarm_cortexM3l_math.a(arm_sin_cos_q31.o)
                                         0x71 (size before relaxing)
 .comment       0x00000000000000c9       0x71 Drivers/CMSIS/libarm_cortexM3l_math.a(arm_sqrt_q31.o)
 .comment       0x00000000000000c9       0x71 Drivers/CMSIS/libarm_cortexM3l_math.a(arm_common_tables.o)
 .comment       0x00000000000000c9       0x5a /usr/lib/gcc/arm-none-eabi/9.2.1/thumb/v7-m/nofp/crtend.o

.debug_info     0x0000000000000000    0x19661
 .debug_info    0x0000000000000000     0x1a03 build/main.o
 .debug_info    0x0000000000001a03     0x2f12 build/motor.o
 .debug_info    0x0000000000004915       0xe1 build/utils.o
 .debug_info    0x00000000000049f6      0x601 build/eeprom.o
 .debug_info    0x0000000000004ff7      0xe32 build/decr_and_flash.o
 .debug_info    0x0000000000005e29     0x114c build/button_processing.o
 .debug_info    0x0000000000006f75     0x1ea3 build/M365_Dashboard.o
 .debug_info    0x0000000000008e18     0x18f6 build/stm32f1xx_it.o
 .debug_info    0x000000000000a70e      0x421 build/print.o
 .debug_info    0x000000000000ab2f     0x1d34 build/stm32f1xx_hal_msp.o
 .debug_info    0x000000000000c863      0xe25 build/stm32f1xx_hal_adc.o
 .debug_info    0x000000000000d688      0xb59 build/stm32f1xx_hal_adc_ex.o
 .debug_info    0x000000000000e1e1      0x803 build/stm32f1xx_hal.o
 .debug_info    0x000000000000e9e4      0x916 build/stm32f1xx_hal_rcc.o
 .debug_info    0x000000000000f2fa      0x499 build/stm32f1xx_hal_rcc_ex.o
 .debug_info    0x000000000000f793      0x747 build/stm32f1xx_hal_gpio.o
 .debug_info    0x000000000000feda      0x87c build/stm32f1xx_hal_dma.o
 .debug_info    0x0000000000010756      0xc9b build/stm32f1xx_hal_cortex.o
 .debug_info    0x00000000000113f1      0x628 build/stm32f1xx_hal_flash.o
 .debug_info    0x0000000000011a19      0x903 build/stm32f1xx_hal_flash_ex.o
 .debug_info    0x000000000001231c     0x2d36 build/stm32f1xx_hal_tim.o
 .debug_info    0x0000000000015052     0x15e7 build/stm32f1xx_hal_tim_ex.o
 .debug_info    0x0000000000016639     0x146d build/stm32f1xx_hal_uart.o
 .debug_info    0x0000000000017aa6      0x2c6 build/system_stm32f1xx.o
 .debug_info    0x0000000000017d6c       0x22 build/startup_stm32f103c8tx.o
 .debug_info    0x0000000000017d8e      0x11a /usr/lib/gcc/arm-none-eabi/9.2.1/../../../arm-none-eabi/lib/thumb/v7-m/nofp/libc_nano.a(lib_a-init.o)
 .debug_info    0x0000000000017ea8       0x26 /usr/lib/gcc/arm-none-eabi/9.2.1/../../../arm-none-eabi/lib/thumb/v7-m/nofp/libc_nano.a(lib_a-memcpy.o)
 .debug_info    0x0000000000017ece      0x941 /usr/lib/gcc/arm-none-eabi/9.2.1/../../../arm-none-eabi/lib/thumb/v7-m/nofp/libc_nano.a(lib_a-strlen-stub.o)
 .debug_info    0x000000000001880f      0x257 Drivers/CMSIS/libarm_cortexM3l_math.a(arm_sin_cos_q31.o)
 .debug_info    0x0000000000018a66      0x1ec Drivers/CMSIS/libarm_cortexM3l_math.a(arm_sqrt_q31.o)
 .debug_info    0x0000000000018c52      0x99d Drivers/CMSIS/libarm_cortexM3l_math.a(arm_common_tables.o)
 .debug_info    0x00000000000195ef       0x26 /usr/lib/gcc/arm-none-eabi/9.2.1/thumb/v7-m/nofp/libgcc.a(_arm_mulsf3.o)
 .debug_info    0x0000000000019615       0x26 /usr/lib/gcc/arm-none-eabi/9.2.1/thumb/v7-m/nofp/libgcc.a(_arm_addsubsf3.o)
 .debug_info    0x000000000001963b       0x26 /usr/lib/gcc/arm-none-eabi/9.2.1/thumb/v7-m/nofp/libgcc.a(_arm_fixsfsi.o)

.debug_abbrev   0x0000000000000000     0x3cb6
 .debug_abbrev  0x0000000000000000      0x2fc build/main.o
 .debug_abbrev  0x00000000000002fc      0x49f build/motor.o
 .debug_abbrev  0x000000000000079b       0x79 build/utils.o
 .debug_abbrev  0x0000000000000814      0x18f build/eeprom.o
 .debug_abbrev  0x00000000000009a3      0x2d3 build/decr_and_flash.o
 .debug_abbrev  0x0000000000000c76      0x2f4 build/button_processing.o
 .debug_abbrev  0x0000000000000f6a      0x352 build/M365_Dashboard.o
 .debug_abbrev  0x00000000000012bc      0x248 build/stm32f1xx_it.o
 .debug_abbrev  0x0000000000001504      0x1d4 build/print.o
 .debug_abbrev  0x00000000000016d8      0x2a4 build/stm32f1xx_hal_msp.o
 .debug_abbrev  0x000000000000197c      0x1fa build/stm32f1xx_hal_adc.o
 .debug_abbrev  0x0000000000001b76      0x21e build/stm32f1xx_hal_adc_ex.o
 .debug_abbrev  0x0000000000001d94      0x1ec build/stm32f1xx_hal.o
 .debug_abbrev  0x0000000000001f80      0x272 build/stm32f1xx_hal_rcc.o
 .debug_abbrev  0x00000000000021f2      0x192 build/stm32f1xx_hal_rcc_ex.o
 .debug_abbrev  0x0000000000002384      0x1e7 build/stm32f1xx_hal_gpio.o
 .debug_abbrev  0x000000000000256b      0x227 build/stm32f1xx_hal_dma.o
 .debug_abbrev  0x0000000000002792      0x2f0 build/stm32f1xx_hal_cortex.o
 .debug_abbrev  0x0000000000002a82      0x23d build/stm32f1xx_hal_flash.o
 .debug_abbrev  0x0000000000002cbf      0x248 build/stm32f1xx_hal_flash_ex.o
 .debug_abbrev  0x0000000000002f07      0x25d build/stm32f1xx_hal_tim.o
 .debug_abbrev  0x0000000000003164      0x265 build/stm32f1xx_hal_tim_ex.o
 .debug_abbrev  0x00000000000033c9      0x26f build/stm32f1xx_hal_uart.o
 .debug_abbrev  0x0000000000003638      0x14d build/system_stm32f1xx.o
 .debug_abbrev  0x0000000000003785       0x12 build/startup_stm32f103c8tx.o
 .debug_abbrev  0x0000000000003797       0xcc /usr/lib/gcc/arm-none-eabi/9.2.1/../../../arm-none-eabi/lib/thumb/v7-m/nofp/libc_nano.a(lib_a-init.o)
 .debug_abbrev  0x0000000000003863       0x14 /usr/lib/gcc/arm-none-eabi/9.2.1/../../../arm-none-eabi/lib/thumb/v7-m/nofp/libc_nano.a(lib_a-memcpy.o)
 .debug_abbrev  0x0000000000003877      0x194 /usr/lib/gcc/arm-none-eabi/9.2.1/../../../arm-none-eabi/lib/thumb/v7-m/nofp/libc_nano.a(lib_a-strlen-stub.o)
 .debug_abbrev  0x0000000000003a0b      0x118 Drivers/CMSIS/libarm_cortexM3l_math.a(arm_sin_cos_q31.o)
 .debug_abbrev  0x0000000000003b23       0xd3 Drivers/CMSIS/libarm_cortexM3l_math.a(arm_sqrt_q31.o)
 .debug_abbrev  0x0000000000003bf6       0x84 Drivers/CMSIS/libarm_cortexM3l_math.a(arm_common_tables.o)
 .debug_abbrev  0x0000000000003c7a       0x14 /usr/lib/gcc/arm-none-eabi/9.2.1/thumb/v7-m/nofp/libgcc.a(_arm_mulsf3.o)
 .debug_abbrev  0x0000000000003c8e       0x14 /usr/lib/gcc/arm-none-eabi/9.2.1/thumb/v7-m/nofp/libgcc.a(_arm_addsubsf3.o)
 .debug_abbrev  0x0000000000003ca2       0x14 /usr/lib/gcc/arm-none-eabi/9.2.1/thumb/v7-m/nofp/libgcc.a(_arm_fixsfsi.o)

.debug_loc      0x0000000000000000     0xa0ed
 .debug_loc     0x0000000000000000      0x2bf build/main.o
 .debug_loc     0x00000000000002bf      0xbfc build/motor.o
 .debug_loc     0x0000000000000ebb       0x5c build/utils.o
 .debug_loc     0x0000000000000f17      0x298 build/eeprom.o
 .debug_loc     0x00000000000011af      0x1b6 build/decr_and_flash.o
 .debug_loc     0x0000000000001365      0x1f4 build/button_processing.o
 .debug_loc     0x0000000000001559      0x241 build/M365_Dashboard.o
 .debug_loc     0x000000000000179a      0x4c0 build/stm32f1xx_it.o
 .debug_loc     0x0000000000001c5a      0x240 build/print.o
 .debug_loc     0x0000000000001e9a      0x230 build/stm32f1xx_hal_msp.o
 .debug_loc     0x00000000000020ca      0x8f4 build/stm32f1xx_hal_adc.o
 .debug_loc     0x00000000000029be      0x452 build/stm32f1xx_hal_adc_ex.o
 .debug_loc     0x0000000000002e10      0x698 build/stm32f1xx_hal.o
 .debug_loc     0x00000000000034a8      0x444 build/stm32f1xx_hal_rcc.o
 .debug_loc     0x00000000000038ec       0xfe build/stm32f1xx_hal_rcc_ex.o
 .debug_loc     0x00000000000039ea      0x2d4 build/stm32f1xx_hal_gpio.o
 .debug_loc     0x0000000000003cbe      0x470 build/stm32f1xx_hal_dma.o
 .debug_loc     0x000000000000412e      0x8f8 build/stm32f1xx_hal_cortex.o
 .debug_loc     0x0000000000004a26      0x448 build/stm32f1xx_hal_flash.o
 .debug_loc     0x0000000000004e6e      0x518 build/stm32f1xx_hal_flash_ex.o
 .debug_loc     0x0000000000005386     0x27a0 build/stm32f1xx_hal_tim.o
 .debug_loc     0x0000000000007b26      0xdc8 build/stm32f1xx_hal_tim_ex.o
 .debug_loc     0x00000000000088ee     0x1250 build/stm32f1xx_hal_uart.o
 .debug_loc     0x0000000000009b3e       0xa0 build/system_stm32f1xx.o
 .debug_loc     0x0000000000009bde       0xba /usr/lib/gcc/arm-none-eabi/9.2.1/../../../arm-none-eabi/lib/thumb/v7-m/nofp/libc_nano.a(lib_a-init.o)
 .debug_loc     0x0000000000009c98       0x25 /usr/lib/gcc/arm-none-eabi/9.2.1/../../../arm-none-eabi/lib/thumb/v7-m/nofp/libc_nano.a(lib_a-strlen-stub.o)
 .debug_loc     0x0000000000009cbd      0x2da Drivers/CMSIS/libarm_cortexM3l_math.a(arm_sin_cos_q31.o)
 .debug_loc     0x0000000000009f97      0x156 Drivers/CMSIS/libarm_cortexM3l_math.a(arm_sqrt_q31.o)

.debug_aranges  0x0000000000000000     0x1300
 .debug_aranges
                0x0000000000000000       0x70 build/main.o
 .debug_aranges
                0x0000000000000070      0x148 build/motor.o
 .debug_aranges
                0x00000000000001b8       0x20 build/utils.o
 .debug_aranges
                0x00000000000001d8       0x58 build/eeprom.o
 .debug_aranges
                0x0000000000000230       0x40 build/decr_and_flash.o
 .debug_aranges
                0x0000000000000270       0x50 build/button_processing.o
 .debug_aranges
                0x00000000000002c0       0x48 build/M365_Dashboard.o
 .debug_aranges
                0x0000000000000308       0xe8 build/stm32f1xx_it.o
 .debug_aranges
                0x00000000000003f0       0x48 build/print.o
 .debug_aranges
                0x0000000000000438       0x50 build/stm32f1xx_hal_msp.o
 .debug_aranges
                0x0000000000000488       0xf0 build/stm32f1xx_hal_adc.o
 .debug_aranges
                0x0000000000000578       0x80 build/stm32f1xx_hal_adc_ex.o
 .debug_aranges
                0x00000000000005f8       0xe0 build/stm32f1xx_hal.o
 .debug_aranges
                0x00000000000006d8       0x90 build/stm32f1xx_hal_rcc.o
 .debug_aranges
                0x0000000000000768       0x30 build/stm32f1xx_hal_rcc_ex.o
 .debug_aranges
                0x0000000000000798       0x58 build/stm32f1xx_hal_gpio.o
 .debug_aranges
                0x00000000000007f0       0x80 build/stm32f1xx_hal_dma.o
 .debug_aranges
                0x0000000000000870      0x100 build/stm32f1xx_hal_cortex.o
 .debug_aranges
                0x0000000000000970       0x88 build/stm32f1xx_hal_flash.o
 .debug_aranges
                0x00000000000009f8       0x98 build/stm32f1xx_hal_flash_ex.o
 .debug_aranges
                0x0000000000000a90      0x3d0 build/stm32f1xx_hal_tim.o
 .debug_aranges
                0x0000000000000e60      0x168 build/stm32f1xx_hal_tim_ex.o
 .debug_aranges
                0x0000000000000fc8      0x1d0 build/stm32f1xx_hal_uart.o
 .debug_aranges
                0x0000000000001198       0x28 build/system_stm32f1xx.o
 .debug_aranges
                0x00000000000011c0       0x28 build/startup_stm32f103c8tx.o
 .debug_aranges
                0x00000000000011e8       0x20 /usr/lib/gcc/arm-none-eabi/9.2.1/../../../arm-none-eabi/lib/thumb/v7-m/nofp/libc_nano.a(lib_a-init.o)
 .debug_aranges
                0x0000000000001208       0x20 /usr/lib/gcc/arm-none-eabi/9.2.1/../../../arm-none-eabi/lib/thumb/v7-m/nofp/libc_nano.a(lib_a-memcpy.o)
 .debug_aranges
                0x0000000000001228       0x20 /usr/lib/gcc/arm-none-eabi/9.2.1/../../../arm-none-eabi/lib/thumb/v7-m/nofp/libc_nano.a(lib_a-strlen-stub.o)
 .debug_aranges
                0x0000000000001248       0x20 Drivers/CMSIS/libarm_cortexM3l_math.a(arm_sin_cos_q31.o)
 .debug_aranges
                0x0000000000001268       0x20 Drivers/CMSIS/libarm_cortexM3l_math.a(arm_sqrt_q31.o)
 .debug_aranges
                0x0000000000001288       0x18 Drivers/CMSIS/libarm_cortexM3l_math.a(arm_common_tables.o)
 .debug_aranges
                0x00000000000012a0       0x20 /usr/lib/gcc/arm-none-eabi/9.2.1/thumb/v7-m/nofp/libgcc.a(_arm_mulsf3.o)
 .debug_aranges
                0x00000000000012c0       0x20 /usr/lib/gcc/arm-none-eabi/9.2.1/thumb/v7-m/nofp/libgcc.a(_arm_addsubsf3.o)
 .debug_aranges
                0x00000000000012e0       0x20 /usr/lib/gcc/arm-none-eabi/9.2.1/thumb/v7-m/nofp/libgcc.a(_arm_fixsfsi.o)

.debug_ranges   0x0000000000000000     0x10c0
 .debug_ranges  0x0000000000000000       0x60 build/main.o
 .debug_ranges  0x0000000000000060      0x138 build/motor.o
 .debug_ranges  0x0000000000000198       0x10 build/utils.o
 .debug_ranges  0x00000000000001a8       0x48 build/eeprom.o
 .debug_ranges  0x00000000000001f0       0x30 build/decr_and_flash.o
 .debug_ranges  0x0000000000000220       0x40 build/button_processing.o
 .debug_ranges  0x0000000000000260       0x38 build/M365_Dashboard.o
 .debug_ranges  0x0000000000000298       0xd8 build/stm32f1xx_it.o
 .debug_ranges  0x0000000000000370       0x38 build/print.o
 .debug_ranges  0x00000000000003a8       0x40 build/stm32f1xx_hal_msp.o
 .debug_ranges  0x00000000000003e8       0xe0 build/stm32f1xx_hal_adc.o
 .debug_ranges  0x00000000000004c8       0x70 build/stm32f1xx_hal_adc_ex.o
 .debug_ranges  0x0000000000000538       0xd0 build/stm32f1xx_hal.o
 .debug_ranges  0x0000000000000608       0x80 build/stm32f1xx_hal_rcc.o
 .debug_ranges  0x0000000000000688       0x20 build/stm32f1xx_hal_rcc_ex.o
 .debug_ranges  0x00000000000006a8       0x48 build/stm32f1xx_hal_gpio.o
 .debug_ranges  0x00000000000006f0       0x70 build/stm32f1xx_hal_dma.o
 .debug_ranges  0x0000000000000760       0xf0 build/stm32f1xx_hal_cortex.o
 .debug_ranges  0x0000000000000850       0x78 build/stm32f1xx_hal_flash.o
 .debug_ranges  0x00000000000008c8       0x88 build/stm32f1xx_hal_flash_ex.o
 .debug_ranges  0x0000000000000950      0x3c0 build/stm32f1xx_hal_tim.o
 .debug_ranges  0x0000000000000d10      0x158 build/stm32f1xx_hal_tim_ex.o
 .debug_ranges  0x0000000000000e68      0x1c0 build/stm32f1xx_hal_uart.o
 .debug_ranges  0x0000000000001028       0x18 build/system_stm32f1xx.o
 .debug_ranges  0x0000000000001040       0x20 build/startup_stm32f103c8tx.o
 .debug_ranges  0x0000000000001060       0x10 /usr/lib/gcc/arm-none-eabi/9.2.1/../../../arm-none-eabi/lib/thumb/v7-m/nofp/libc_nano.a(lib_a-strlen-stub.o)
 .debug_ranges  0x0000000000001070       0x40 Drivers/CMSIS/libarm_cortexM3l_math.a(arm_sin_cos_q31.o)
 .debug_ranges  0x00000000000010b0       0x10 Drivers/CMSIS/libarm_cortexM3l_math.a(arm_sqrt_q31.o)

.debug_line     0x0000000000000000     0xdf6d
 .debug_line    0x0000000000000000      0x4fe build/main.o
 .debug_line    0x00000000000004fe     0x161c build/motor.o
 .debug_line    0x0000000000001b1a       0xb3 build/utils.o
 .debug_line    0x0000000000001bcd      0x537 build/eeprom.o
 .debug_line    0x0000000000002104      0x3b4 build/decr_and_flash.o
 .debug_line    0x00000000000024b8      0x46b build/button_processing.o
 .debug_line    0x0000000000002923      0x767 build/M365_Dashboard.o
 .debug_line    0x000000000000308a      0x478 build/stm32f1xx_it.o
 .debug_line    0x0000000000003502      0x34d build/print.o
 .debug_line    0x000000000000384f      0x4b2 build/stm32f1xx_hal_msp.o
 .debug_line    0x0000000000003d01      0xa9d build/stm32f1xx_hal_adc.o
 .debug_line    0x000000000000479e      0x804 build/stm32f1xx_hal_adc_ex.o
 .debug_line    0x0000000000004fa2      0x400 build/stm32f1xx_hal.o
 .debug_line    0x00000000000053a2      0x866 build/stm32f1xx_hal_rcc.o
 .debug_line    0x0000000000005c08      0x375 build/stm32f1xx_hal_rcc_ex.o
 .debug_line    0x0000000000005f7d      0x4af build/stm32f1xx_hal_gpio.o
 .debug_line    0x000000000000642c      0x87e build/stm32f1xx_hal_dma.o
 .debug_line    0x0000000000006caa      0x5e0 build/stm32f1xx_hal_cortex.o
 .debug_line    0x000000000000728a      0x505 build/stm32f1xx_hal_flash.o
 .debug_line    0x000000000000778f      0x601 build/stm32f1xx_hal_flash_ex.o
 .debug_line    0x0000000000007d90     0x2de5 build/stm32f1xx_hal_tim.o
 .debug_line    0x000000000000ab75     0x14fd build/stm32f1xx_hal_tim_ex.o
 .debug_line    0x000000000000c072     0x1248 build/stm32f1xx_hal_uart.o
 .debug_line    0x000000000000d2ba      0x1cd build/system_stm32f1xx.o
 .debug_line    0x000000000000d487       0x81 build/startup_stm32f103c8tx.o
 .debug_line    0x000000000000d508      0x13e /usr/lib/gcc/arm-none-eabi/9.2.1/../../../arm-none-eabi/lib/thumb/v7-m/nofp/libc_nano.a(lib_a-init.o)
 .debug_line    0x000000000000d646       0xc1 /usr/lib/gcc/arm-none-eabi/9.2.1/../../../arm-none-eabi/lib/thumb/v7-m/nofp/libc_nano.a(lib_a-memcpy.o)
 .debug_line    0x000000000000d707      0x14e /usr/lib/gcc/arm-none-eabi/9.2.1/../../../arm-none-eabi/lib/thumb/v7-m/nofp/libc_nano.a(lib_a-strlen-stub.o)
 .debug_line    0x000000000000d855      0x20c Drivers/CMSIS/libarm_cortexM3l_math.a(arm_sin_cos_q31.o)
 .debug_line    0x000000000000da61      0x177 Drivers/CMSIS/libarm_cortexM3l_math.a(arm_sqrt_q31.o)
 .debug_line    0x000000000000dbd8      0x12e Drivers/CMSIS/libarm_cortexM3l_math.a(arm_common_tables.o)
 .debug_line    0x000000000000dd06       0xd4 /usr/lib/gcc/arm-none-eabi/9.2.1/thumb/v7-m/nofp/libgcc.a(_arm_mulsf3.o)
 .debug_line    0x000000000000ddda      0x11a /usr/lib/gcc/arm-none-eabi/9.2.1/thumb/v7-m/nofp/libgcc.a(_arm_addsubsf3.o)
 .debug_line    0x000000000000def4       0x79 /usr/lib/gcc/arm-none-eabi/9.2.1/thumb/v7-m/nofp/libgcc.a(_arm_fixsfsi.o)

.debug_str      0x0000000000000000     0x67c0
 .debug_str     0x0000000000000000     0x1070 build/main.o
                                       0x11de (size before relaxing)
 .debug_str     0x0000000000001070      0xfe5 build/motor.o
                                       0x1df4 (size before relaxing)
 .debug_str     0x0000000000002055       0x2f build/utils.o
                                        0x18e (size before relaxing)
 .debug_str     0x0000000000002084      0x1a9 build/eeprom.o
                                        0x44a (size before relaxing)
 .debug_str     0x000000000000222d       0xa5 build/decr_and_flash.o
                                        0x749 (size before relaxing)
 .debug_str     0x00000000000022d2      0x1ef build/button_processing.o
                                        0x97b (size before relaxing)
 .debug_str     0x00000000000024c1      0x6d7 build/M365_Dashboard.o
                                       0x1328 (size before relaxing)
 .debug_str     0x0000000000002b98      0x1fe build/stm32f1xx_it.o
                                       0x1085 (size before relaxing)
 .debug_str     0x0000000000002d96       0x8c build/print.o
                                        0x264 (size before relaxing)
 .debug_str     0x0000000000002e22       0xa8 build/stm32f1xx_hal_msp.o
                                       0x12b9 (size before relaxing)
 .debug_str     0x0000000000002eca      0x2e7 build/stm32f1xx_hal_adc.o
                                        0x8fc (size before relaxing)
 .debug_str     0x00000000000031b1      0x1a8 build/stm32f1xx_hal_adc_ex.o
                                        0x8ac (size before relaxing)
 .debug_str     0x0000000000003359      0x253 build/stm32f1xx_hal.o
                                        0x802 (size before relaxing)
 .debug_str     0x00000000000035ac      0x208 build/stm32f1xx_hal_rcc.o
                                        0x664 (size before relaxing)
 .debug_str     0x00000000000037b4       0xb6 build/stm32f1xx_hal_rcc_ex.o
                                        0x454 (size before relaxing)
 .debug_str     0x000000000000386a      0x122 build/stm32f1xx_hal_gpio.o
                                        0x4a9 (size before relaxing)
 .debug_str     0x000000000000398c      0x237 build/stm32f1xx_hal_dma.o
                                        0x6a5 (size before relaxing)
 .debug_str     0x0000000000003bc3      0x38a build/stm32f1xx_hal_cortex.o
                                        0x963 (size before relaxing)
 .debug_str     0x0000000000003f4d      0x27b build/stm32f1xx_hal_flash.o
                                        0x58a (size before relaxing)
 .debug_str     0x00000000000041c8      0x282 build/stm32f1xx_hal_flash_ex.o
                                        0x6b6 (size before relaxing)
 .debug_str     0x000000000000444a      0xddd build/stm32f1xx_hal_tim.o
                                       0x168e (size before relaxing)
 .debug_str     0x0000000000005227      0x50d build/stm32f1xx_hal_tim_ex.o
                                        0xe68 (size before relaxing)
 .debug_str     0x0000000000005734      0x4fb build/stm32f1xx_hal_uart.o
                                        0xbc2 (size before relaxing)
 .debug_str     0x0000000000005c2f       0x4f build/system_stm32f1xx.o
                                        0x2ca (size before relaxing)
 .debug_str     0x0000000000005c7e       0x33 build/startup_stm32f103c8tx.o
                                         0x55 (size before relaxing)
 .debug_str     0x0000000000005cb1      0x184 /usr/lib/gcc/arm-none-eabi/9.2.1/../../../arm-none-eabi/lib/thumb/v7-m/nofp/libc_nano.a(lib_a-init.o)
                                        0x225 (size before relaxing)
 .debug_str     0x0000000000005e35       0xb2 /usr/lib/gcc/arm-none-eabi/9.2.1/../../../arm-none-eabi/lib/thumb/v7-m/nofp/libc_nano.a(lib_a-memcpy.o)
 .debug_str     0x0000000000005ee7       0xc1 /usr/lib/gcc/arm-none-eabi/9.2.1/../../../arm-none-eabi/lib/thumb/v7-m/nofp/libc_nano.a(lib_a-strlen-stub.o)
                                        0x5f4 (size before relaxing)
 .debug_str     0x0000000000005fa8      0x15f Drivers/CMSIS/libarm_cortexM3l_math.a(arm_sin_cos_q31.o)
                                        0x264 (size before relaxing)
 .debug_str     0x0000000000006107      0x124 Drivers/CMSIS/libarm_cortexM3l_math.a(arm_sqrt_q31.o)
                                        0x2e1 (size before relaxing)
 .debug_str     0x000000000000622b      0x4fd Drivers/CMSIS/libarm_cortexM3l_math.a(arm_common_tables.o)
                                        0x6cf (size before relaxing)
 .debug_str     0x0000000000006728       0x98 /usr/lib/gcc/arm-none-eabi/9.2.1/thumb/v7-m/nofp/libgcc.a(_arm_mulsf3.o)
                                         0xa4 (size before relaxing)
 .debug_str     0x00000000000067c0       0xa4 /usr/lib/gcc/arm-none-eabi/9.2.1/thumb/v7-m/nofp/libgcc.a(_arm_addsubsf3.o)
 .debug_str     0x00000000000067c0       0xa4 /usr/lib/gcc/arm-none-eabi/9.2.1/thumb/v7-m/nofp/libgcc.a(_arm_fixsfsi.o)

.debug_frame    0x0000000000000000     0x4a30
 .debug_frame   0x0000000000000000      0x17c build/main.o
 .debug_frame   0x000000000000017c      0x5a4 build/motor.o
 .debug_frame   0x0000000000000720       0x38 build/utils.o
 .debug_frame   0x0000000000000758      0x13c build/eeprom.o
 .debug_frame   0x0000000000000894       0xd4 build/decr_and_flash.o
 .debug_frame   0x0000000000000968      0x104 build/button_processing.o
 .debug_frame   0x0000000000000a6c      0x118 build/M365_Dashboard.o
 .debug_frame   0x0000000000000b84      0x2e0 build/stm32f1xx_it.o
 .debug_frame   0x0000000000000e64      0x11c build/print.o
 .debug_frame   0x0000000000000f80      0x110 build/stm32f1xx_hal_msp.o
 .debug_frame   0x0000000000001090      0x40c build/stm32f1xx_hal_adc.o
 .debug_frame   0x000000000000149c      0x204 build/stm32f1xx_hal_adc_ex.o
 .debug_frame   0x00000000000016a0      0x334 build/stm32f1xx_hal.o
 .debug_frame   0x00000000000019d4      0x21c build/stm32f1xx_hal_rcc.o
 .debug_frame   0x0000000000001bf0       0x84 build/stm32f1xx_hal_rcc_ex.o
 .debug_frame   0x0000000000001c74      0x14c build/stm32f1xx_hal_gpio.o
 .debug_frame   0x0000000000001dc0      0x208 build/stm32f1xx_hal_dma.o
 .debug_frame   0x0000000000001fc8      0x428 build/stm32f1xx_hal_cortex.o
 .debug_frame   0x00000000000023f0      0x20c build/stm32f1xx_hal_flash.o
 .debug_frame   0x00000000000025fc      0x258 build/stm32f1xx_hal_flash_ex.o
 .debug_frame   0x0000000000002854     0x11b8 build/stm32f1xx_hal_tim.o
 .debug_frame   0x0000000000003a0c      0x638 build/stm32f1xx_hal_tim_ex.o
 .debug_frame   0x0000000000004044      0x834 build/stm32f1xx_hal_uart.o
 .debug_frame   0x0000000000004878       0x58 build/system_stm32f1xx.o
 .debug_frame   0x00000000000048d0       0x2c /usr/lib/gcc/arm-none-eabi/9.2.1/../../../arm-none-eabi/lib/thumb/v7-m/nofp/libc_nano.a(lib_a-init.o)
 .debug_frame   0x00000000000048fc       0x20 /usr/lib/gcc/arm-none-eabi/9.2.1/../../../arm-none-eabi/lib/thumb/v7-m/nofp/libc_nano.a(lib_a-strlen-stub.o)
 .debug_frame   0x000000000000491c       0x40 Drivers/CMSIS/libarm_cortexM3l_math.a(arm_sin_cos_q31.o)
 .debug_frame   0x000000000000495c       0x40 Drivers/CMSIS/libarm_cortexM3l_math.a(arm_sqrt_q31.o)
 .debug_frame   0x000000000000499c       0x24 /usr/lib/gcc/arm-none-eabi/9.2.1/thumb/v7-m/nofp/libgcc.a(_arm_mulsf3.o)
 .debug_frame   0x00000000000049c0       0x4c /usr/lib/gcc/arm-none-eabi/9.2.1/thumb/v7-m/nofp/libgcc.a(_arm_addsubsf3.o)
 .debug_frame   0x0000000000004a0c       0x24 /usr/lib/gcc/arm-none-eabi/9.2.1/thumb/v7-m/nofp/libgcc.a(_arm_fixsfsi.o)

Cross Reference Table

Symbol                                            File
ADC1_2_IRQHandler                                 build/stm32f1xx_it.o
ADC_ConversionStop_Disable                        build/stm32f1xx_hal_adc.o
                                                  build/stm32f1xx_hal_adc_ex.o
ADC_DMAConvCplt                                   build/stm32f1xx_hal_adc.o
                                                  build/stm32f1xx_hal_adc_ex.o
ADC_DMAError                                      build/stm32f1xx_hal_adc.o
                                                  build/stm32f1xx_hal_adc_ex.o
ADC_DMAHalfConvCplt                               build/stm32f1xx_hal_adc.o
                                                  build/stm32f1xx_hal_adc_ex.o
ADC_Enable                                        build/stm32f1xx_hal_adc.o
                                                  build/stm32f1xx_hal_adc_ex.o
AHBPrescTable                                     build/system_stm32f1xx.o
                                                  build/stm32f1xx_hal_rcc.o
APBPrescTable                                     build/system_stm32f1xx.o
                                                  build/stm32f1xx_hal_rcc.o